[32m03:32:48 (3418) INFO ProjectReader[39m No incremental result file found at reports/W00c-mutation/n-faults-incr.json, a full mutation testing run will be performed.
[32m03:32:48 (3418) INFO ProjectReader[39m Found 1 of 1516 file(s) to be mutated.
[32m03:32:48 (3418) INFO Instrumenter[39m Instrumented 1 source file(s) with 921 mutant(s)
[32m03:32:49 (3418) INFO ConcurrencyTokenProvider[39m Creating 4 test runner process(es).
[32m03:32:50 (3418) INFO BroadcastReporter[39m Detected that current console does not support the "progress" reporter, downgrading to "progress-append-only" reporter
[32m03:32:50 (3418) INFO DryRunExecutor[39m Starting initial test run (vitest test runner with "perTest" coverage analysis). This may take a while.
[32m03:33:12 (3418) INFO DryRunExecutor[39m Initial test run succeeded. Ran 415 tests in 21 seconds (net 20270.949009999986 ms, overhead 1723.0509900000143 ms).
Mutation testing 0% (elapsed: <1m, remaining: ~21m) 7/921 tested (0 survived, 0 timed out)
Mutation testing 0% (elapsed: <1m, remaining: ~43m) 7/921 tested (0 survived, 0 timed out)
Mutation testing 4% (elapsed: <1m, remaining: ~11m) 40/921 tested (0 survived, 0 timed out)
Mutation testing 14% (elapsed: <1m, remaining: ~3m) 138/921 tested (0 survived, 0 timed out)
Mutation testing 25% (elapsed: <1m, remaining: ~2m) 237/921 tested (0 survived, 0 timed out)
Mutation testing 41% (elapsed: ~1m, remaining: ~1m) 383/921 tested (0 survived, 0 timed out)
Mutation testing 45% (elapsed: ~1m, remaining: ~1m) 421/921 tested (0 survived, 0 timed out)
Mutation testing 49% (elapsed: ~1m, remaining: ~1m) 454/921 tested (0 survived, 0 timed out)
Mutation testing 52% (elapsed: ~1m, remaining: ~1m) 486/921 tested (0 survived, 0 timed out)
Mutation testing 56% (elapsed: ~1m, remaining: ~1m) 519/921 tested (0 survived, 0 timed out)
Mutation testing 59% (elapsed: ~1m, remaining: ~1m) 551/921 tested (0 survived, 0 timed out)
Mutation testing 63% (elapsed: ~2m, remaining: ~1m) 584/921 tested (0 survived, 0 timed out)
Mutation testing 66% (elapsed: ~2m, remaining: ~1m) 610/921 tested (0 survived, 0 timed out)
Mutation testing 67% (elapsed: ~2m, remaining: ~1m) 619/921 tested (0 survived, 0 timed out)
Mutation testing 68% (elapsed: ~2m, remaining: ~1m) 628/921 tested (0 survived, 0 timed out)
Mutation testing 70% (elapsed: ~2m, remaining: ~1m) 648/921 tested (0 survived, 0 timed out)
Mutation testing 72% (elapsed: ~2m, remaining: ~1m) 665/921 tested (0 survived, 0 timed out)
Mutation testing 75% (elapsed: ~3m, remaining: <1m) 694/921 tested (0 survived, 0 timed out)
Mutation testing 80% (elapsed: ~3m, remaining: <1m) 743/921 tested (0 survived, 0 timed out)
Mutation testing 81% (elapsed: ~3m, remaining: <1m) 755/921 tested (0 survived, 0 timed out)
Mutation testing 90% (elapsed: ~3m, remaining: <1m) 829/921 tested (0 survived, 0 timed out)
Mutation testing 99% (elapsed: ~3m, remaining: n/a) 919/921 tested (0 survived, 0 timed out)

All tests
  clients
    clients.acceptance.test.ts
      ✓ W00 sample clients load (card check 1) ARC-8 C01 loads with no validation errors and matches the README table (killed 7)
      ~ W00 sample clients load (card check 1) ARC-8 C02 loads with no validation errors and matches the README table (covered 2)
      ~ W00 sample clients load (card check 1) ARC-8 C03 loads with no validation errors and matches the README table (covered 2)
      ~ W00 sample clients load (card check 1) ARC-8 C04 loads with no validation errors and matches the README table (covered 2)
      ~ W00 sample clients load (card check 1) ARC-8 C05 loads with no validation errors and matches the README table (covered 2)
      ~ W00 sample clients load (card check 1) ARC-8 C06 loads with no validation errors and matches the README table (covered 2)
      ~ W00 sample clients load (card check 1) ARC-8 C07 loads with no validation errors and matches the README table (covered 2)
      ~ W00 sample clients load (card check 1) ARC-8 C08 loads with no validation errors and matches the README table (covered 2)
      ~ W00 sample clients load (card check 1) ARC-8 C09 loads with no validation errors and matches the README table (covered 2)
      ✓ W00 sample clients load (card check 1) ARC-8 C10 loads with no validation errors and matches the README table (killed 240)
      ~ W00 sample clients load (card check 1) ARC-8 C11 loads with no validation errors and matches the README table (covered 2)
      ~ W00 sample clients load (card check 1) ARC-8 C12 loads with no validation errors and matches the README table (covered 2)
      ~ W00 sample clients load (card check 1) ARC-8 C13 loads with no validation errors and matches the README table (covered 2)
      ~ W00 sample clients load (card check 1) ARC-8 C14 loads with no validation errors and matches the README table (covered 2)
      ~ W00 sample clients load (card check 1) ARC-8 C15 loads with no validation errors and matches the README table (covered 2)
      ~ W00 sample clients load (card check 1) ARC-8 C01 is read in place: every answer-key transaction and account is in the model (covered 2)
      ~ W00 sample clients load (card check 1) ARC-8 C02 is read in place: every answer-key transaction and account is in the model (covered 2)
      ~ W00 sample clients load (card check 1) ARC-8 C03 is read in place: every answer-key transaction and account is in the model (covered 2)
      ~ W00 sample clients load (card check 1) ARC-8 C04 is read in place: every answer-key transaction and account is in the model (covered 2)
      ~ W00 sample clients load (card check 1) ARC-8 C05 is read in place: every answer-key transaction and account is in the model (covered 2)
      ~ W00 sample clients load (card check 1) ARC-8 C06 is read in place: every answer-key transaction and account is in the model (covered 2)
      ~ W00 sample clients load (card check 1) ARC-8 C07 is read in place: every answer-key transaction and account is in the model (covered 2)
      ~ W00 sample clients load (card check 1) ARC-8 C08 is read in place: every answer-key transaction and account is in the model (covered 2)
      ~ W00 sample clients load (card check 1) ARC-8 C09 is read in place: every answer-key transaction and account is in the model (covered 2)
      ~ W00 sample clients load (card check 1) ARC-8 C10 is read in place: every answer-key transaction and account is in the model (covered 2)
      ~ W00 sample clients load (card check 1) ARC-8 C11 is read in place: every answer-key transaction and account is in the model (covered 2)
      ~ W00 sample clients load (card check 1) ARC-8 C12 is read in place: every answer-key transaction and account is in the model (covered 2)
      ~ W00 sample clients load (card check 1) ARC-8 C13 is read in place: every answer-key transaction and account is in the model (covered 2)
      ~ W00 sample clients load (card check 1) ARC-8 C14 is read in place: every answer-key transaction and account is in the model (covered 2)
      ~ W00 sample clients load (card check 1) ARC-8 C15 is read in place: every answer-key transaction and account is in the model (covered 2)
      ~ W00 sample clients load (card check 1) ARC-8 C01: an answer key's prior_year block loads when present, and only then (covered 2)
      ~ W00 sample clients load (card check 1) ARC-8 C02: an answer key's prior_year block loads when present, and only then (covered 2)
      ~ W00 sample clients load (card check 1) ARC-8 C03: an answer key's prior_year block loads when present, and only then (covered 2)
      ~ W00 sample clients load (card check 1) ARC-8 C04: an answer key's prior_year block loads when present, and only then (covered 2)
      ~ W00 sample clients load (card check 1) ARC-8 C05: an answer key's prior_year block loads when present, and only then (covered 2)
      ~ W00 sample clients load (card check 1) ARC-8 C06: an answer key's prior_year block loads when present, and only then (covered 2)
      ~ W00 sample clients load (card check 1) ARC-8 C07: an answer key's prior_year block loads when present, and only then (covered 2)
      ~ W00 sample clients load (card check 1) ARC-8 C08: an answer key's prior_year block loads when present, and only then (covered 2)
      ~ W00 sample clients load (card check 1) ARC-8 C09: an answer key's prior_year block loads when present, and only then (covered 2)
      ~ W00 sample clients load (card check 1) ARC-8 C10: an answer key's prior_year block loads when present, and only then (covered 2)
      ~ W00 sample clients load (card check 1) ARC-8 C11: an answer key's prior_year block loads when present, and only then (covered 2)
      ~ W00 sample clients load (card check 1) ARC-8 C12: an answer key's prior_year block loads when present, and only then (covered 2)
      ~ W00 sample clients load (card check 1) ARC-8 C13: an answer key's prior_year block loads when present, and only then (covered 2)
      ~ W00 sample clients load (card check 1) ARC-8 C14: an answer key's prior_year block loads when present, and only then (covered 2)
      ~ W00 sample clients load (card check 1) ARC-8 C15: an answer key's prior_year block loads when present, and only then (covered 2)
      ~ W00 the books in cents (card check 3) ARC-13 C01: every amount is a safe integer of cents and equals the answer key (covered 2)
      ~ W00 the books in cents (card check 3) ARC-13 C02: every amount is a safe integer of cents and equals the answer key (covered 2)
      ~ W00 the books in cents (card check 3) ARC-13 C03: every amount is a safe integer of cents and equals the answer key (covered 2)
      ~ W00 the books in cents (card check 3) ARC-13 C04: every amount is a safe integer of cents and equals the answer key (covered 2)
      ~ W00 the books in cents (card check 3) ARC-13 C05: every amount is a safe integer of cents and equals the answer key (covered 2)
      ~ W00 the books in cents (card check 3) ARC-13 C06: every amount is a safe integer of cents and equals the answer key (covered 2)
      ~ W00 the books in cents (card check 3) ARC-13 C07: every amount is a safe integer of cents and equals the answer key (covered 2)
      ~ W00 the books in cents (card check 3) ARC-13 C08: every amount is a safe integer of cents and equals the answer key (covered 2)
      ~ W00 the books in cents (card check 3) ARC-13 C09: every amount is a safe integer of cents and equals the answer key (covered 2)
      ~ W00 the books in cents (card check 3) ARC-13 C10: every amount is a safe integer of cents and equals the answer key (covered 2)
      ~ W00 the books in cents (card check 3) ARC-13 C11: every amount is a safe integer of cents and equals the answer key (covered 2)
      ~ W00 the books in cents (card check 3) ARC-13 C12: every amount is a safe integer of cents and equals the answer key (covered 2)
      ~ W00 the books in cents (card check 3) ARC-13 C13: every amount is a safe integer of cents and equals the answer key (covered 2)
      ~ W00 the books in cents (card check 3) ARC-13 C14: every amount is a safe integer of cents and equals the answer key (covered 2)
      ~ W00 the books in cents (card check 3) ARC-13 C15: every amount is a safe integer of cents and equals the answer key (covered 2)
      ~ W00 the books in cents (card check 3) ARC-13 C01: the adjusted trial balance debits equal its credits in cents (covered 2)
      ~ W00 the books in cents (card check 3) ARC-13 C02: the adjusted trial balance debits equal its credits in cents (covered 2)
      ~ W00 the books in cents (card check 3) ARC-13 C03: the adjusted trial balance debits equal its credits in cents (covered 2)
      ~ W00 the books in cents (card check 3) ARC-13 C04: the adjusted trial balance debits equal its credits in cents (covered 2)
      ~ W00 the books in cents (card check 3) ARC-13 C05: the adjusted trial balance debits equal its credits in cents (covered 2)
      ~ W00 the books in cents (card check 3) ARC-13 C06: the adjusted trial balance debits equal its credits in cents (covered 2)
      ~ W00 the books in cents (card check 3) ARC-13 C07: the adjusted trial balance debits equal its credits in cents (covered 2)
      ~ W00 the books in cents (card check 3) ARC-13 C08: the adjusted trial balance debits equal its credits in cents (covered 2)
      ~ W00 the books in cents (card check 3) ARC-13 C09: the adjusted trial balance debits equal its credits in cents (covered 2)
      ~ W00 the books in cents (card check 3) ARC-13 C10: the adjusted trial balance debits equal its credits in cents (covered 2)
      ~ W00 the books in cents (card check 3) ARC-13 C11: the adjusted trial balance debits equal its credits in cents (covered 2)
      ~ W00 the books in cents (card check 3) ARC-13 C12: the adjusted trial balance debits equal its credits in cents (covered 2)
      ~ W00 the books in cents (card check 3) ARC-13 C13: the adjusted trial balance debits equal its credits in cents (covered 2)
      ~ W00 the books in cents (card check 3) ARC-13 C14: the adjusted trial balance debits equal its credits in cents (covered 2)
      ~ W00 the books in cents (card check 3) ARC-13 C15: the adjusted trial balance debits equal its credits in cents (covered 2)
      ~ W00 the books in cents (card check 3) ARC-13 C01: every adjusting entry nets to zero and has a type, a reason and a source (covered 2)
      ~ W00 the books in cents (card check 3) ARC-13 C02: every adjusting entry nets to zero and has a type, a reason and a source (covered 2)
      ~ W00 the books in cents (card check 3) ARC-13 C03: every adjusting entry nets to zero and has a type, a reason and a source (covered 2)
      ~ W00 the books in cents (card check 3) ARC-13 C04: every adjusting entry nets to zero and has a type, a reason and a source (covered 2)
      ~ W00 the books in cents (card check 3) ARC-13 C05: every adjusting entry nets to zero and has a type, a reason and a source (covered 2)
      ~ W00 the books in cents (card check 3) ARC-13 C06: every adjusting entry nets to zero and has a type, a reason and a source (covered 2)
      ~ W00 the books in cents (card check 3) ARC-13 C07: every adjusting entry nets to zero and has a type, a reason and a source (covered 2)
      ~ W00 the books in cents (card check 3) ARC-13 C08: every adjusting entry nets to zero and has a type, a reason and a source (covered 2)
      ~ W00 the books in cents (card check 3) ARC-13 C09: every adjusting entry nets to zero and has a type, a reason and a source (covered 2)
      ~ W00 the books in cents (card check 3) ARC-13 C10: every adjusting entry nets to zero and has a type, a reason and a source (covered 2)
      ~ W00 the books in cents (card check 3) ARC-13 C11: every adjusting entry nets to zero and has a type, a reason and a source (covered 2)
      ~ W00 the books in cents (card check 3) ARC-13 C12: every adjusting entry nets to zero and has a type, a reason and a source (covered 2)
      ~ W00 the books in cents (card check 3) ARC-13 C13: every adjusting entry nets to zero and has a type, a reason and a source (covered 2)
      ~ W00 the books in cents (card check 3) ARC-13 C14: every adjusting entry nets to zero and has a type, a reason and a source (covered 2)
      ~ W00 the books in cents (card check 3) ARC-13 C15: every adjusting entry nets to zero and has a type, a reason and a source (covered 2)
      ~ W00 the books in cents (card check 3) ARC-13 C01: opening balance plus every posting plus the adjusting entries equals each adjusted trial balance line (covered 2)
      ~ W00 the books in cents (card check 3) ARC-13 C02: opening balance plus every posting plus the adjusting entries equals each adjusted trial balance line (covered 2)
      ~ W00 the books in cents (card check 3) ARC-13 C03: opening balance plus every posting plus the adjusting entries equals each adjusted trial balance line (covered 2)
      ~ W00 the books in cents (card check 3) ARC-13 C04: opening balance plus every posting plus the adjusting entries equals each adjusted trial balance line (covered 2)
      ~ W00 the books in cents (card check 3) ARC-13 C05: opening balance plus every posting plus the adjusting entries equals each adjusted trial balance line (covered 2)
      ~ W00 the books in cents (card check 3) ARC-13 C06: opening balance plus every posting plus the adjusting entries equals each adjusted trial balance line (covered 2)
      ~ W00 the books in cents (card check 3) ARC-13 C07: opening balance plus every posting plus the adjusting entries equals each adjusted trial balance line (covered 2)
      ~ W00 the books in cents (card check 3) ARC-13 C08: opening balance plus every posting plus the adjusting entries equals each adjusted trial balance line (covered 2)
      ~ W00 the books in cents (card check 3) ARC-13 C09: opening balance plus every posting plus the adjusting entries equals each adjusted trial balance line (covered 2)
      ~ W00 the books in cents (card check 3) ARC-13 C10: opening balance plus every posting plus the adjusting entries equals each adjusted trial balance line (covered 2)
      ~ W00 the books in cents (card check 3) ARC-13 C11: opening balance plus every posting plus the adjusting entries equals each adjusted trial balance line (covered 2)
      ~ W00 the books in cents (card check 3) ARC-13 C12: opening balance plus every posting plus the adjusting entries equals each adjusted trial balance line (covered 2)
      ~ W00 the books in cents (card check 3) ARC-13 C13: opening balance plus every posting plus the adjusting entries equals each adjusted trial balance line (covered 2)
      ~ W00 the books in cents (card check 3) ARC-13 C14: opening balance plus every posting plus the adjusting entries equals each adjusted trial balance line (covered 2)
      ~ W00 the books in cents (card check 3) ARC-13 C15: opening balance plus every posting plus the adjusting entries equals each adjusted trial balance line (covered 2)
      ~ W00 the roll check (card check 4) ARC-8 C04 with one March chequing transaction removed fails the roll check for CHQ 2025-03 with the reason (covered 2)
      ~ W00 the roll check (card check 4) ARC-8 C10 loads although March and May do not roll, because both are planted faults it lists (covered 2)
      ~ W00 the roll check (card check 4) ARC-8 C10 with its CHQ 2025-05 roll entry taken out of the catalogue passed in is refused for CHQ 2025-05 (covered 2)
      ~ W00 the roll check (card check 4) ARC-8 a month the client's own data marks rolls: false is refused when the catalogue has no entry for it (C01 CHQ 2025-03) (covered 2)
      ~ W00 the roll check (card check 4) ARC-8 an account with transactions but no statement balances is refused, naming the account (no vacuous roll pass) (covered 2)
      ~ W00 the roll check (card check 4) ARC-8 C01 has no planted roll fault: every month of every account rolls (covered 2)
      ~ W00 the roll check (card check 4) ARC-8 C02 has no planted roll fault: every month of every account rolls (covered 2)
      ~ W00 the roll check (card check 4) ARC-8 C03 has no planted roll fault: every month of every account rolls (covered 2)
      ~ W00 the roll check (card check 4) ARC-8 C04 has no planted roll fault: every month of every account rolls (covered 2)
      ~ W00 the roll check (card check 4) ARC-8 C05 has no planted roll fault: every month of every account rolls (covered 2)
      ~ W00 the roll check (card check 4) ARC-8 C06 has no planted roll fault: every month of every account rolls (covered 2)
      ~ W00 the roll check (card check 4) ARC-8 C07 has no planted roll fault: every month of every account rolls (covered 2)
      ~ W00 the roll check (card check 4) ARC-8 C08 has no planted roll fault: every month of every account rolls (covered 2)
      ~ W00 the roll check (card check 4) ARC-8 C09 has no planted roll fault: every month of every account rolls (covered 2)
      ~ W00 the roll check (card check 4) ARC-8 C11 has no planted roll fault: every month of every account rolls (covered 2)
      ~ W00 the roll check (card check 4) ARC-8 C12 has no planted roll fault: every month of every account rolls (covered 2)
      ~ W00 the roll check (card check 4) ARC-8 C13 has no planted roll fault: every month of every account rolls (covered 2)
      ~ W00 the roll check (card check 4) ARC-8 C14 has no planted roll fault: every month of every account rolls (covered 2)
      ~ W00 the roll check (card check 4) ARC-8 C15 has no planted roll fault: every month of every account rolls (covered 2)
      ~ W00 each model check catches its planted fault ARC-8 an adjusting entry off by one cent is refused as not netting to zero (covered 2)
      ~ W00 each model check catches its planted fault ARC-8 an adjusted trial balance off by one cent is refused (covered 2)
      ~ W00 each model check catches its planted fault ARC-8 a transaction with no account is refused, naming the transaction (covered 2)
      ~ W00 each model check catches its planted fault ARC-8 a GIFI code that is not four digits is refused, naming the account (covered 2)
      ~ W00 each model check catches its planted fault ARC-8 an adjusting entry with no reason is refused (covered 2)
      ~ W00 each model check catches its planted fault ARC-8 an adjusting entry with no source is refused (covered 2)
      ~ W00 round 2: the model checks have no vacuous passes (findings W00 r1 RC4, S4) ARC-8 a transaction on an account the client does not declare is refused, naming the transaction (covered 2)
      ~ W00 round 2: the model checks have no vacuous passes (findings W00 r1 RC4, S4) ARC-8 an adjusting entry with no lines is refused (an empty entry does not net to zero by default) (covered 2)
      ~ W00 round 2: the model checks have no vacuous passes (findings W00 r1 RC4, S4) ARC-8 a trial balance line with no GIFI code is refused, naming the account (covered 2)
      ~ W00 round 2: the model checks have no vacuous passes (findings W00 r1 RC4, S4) ARC-8 a suspense line with no GIFI code passes only while it is marked "confirm": C09 1390 marked settled is refused (covered 2)
      ~ W00 round 2: the model checks have no vacuous passes (findings W00 r1 RC4, S4) ARC-8 an answer-key flag the fault catalogue does not list is refused, naming the flag (covered 2)
      ~ W00 round 2: the model checks have no vacuous passes (findings W00 r1 RC4, S4) ARC-8 a catalogue entry naming a flag the answer key no longer has is refused, naming the flag (covered 2)
      ~ W00 round 2: money is read from the text, never through a float (findings W00 r1 RC3, S3) ARC-13 an answer-key amount written with three decimals ("-282.500") is refused with the reason (covered 2)
      ~ W00 round 2: money is read from the text, never through a float (findings W00 r1 RC3, S3) ARC-13 a 16-digit amount loads as exact cents (no float on the way: 90000000000000.99 and .85) (covered 2)
      ~ W00 round 2: money is read from the text, never through a float (findings W00 r1 RC3, S3) ARC-13 C02 loads: a rate with more than two decimals (onboarding.json "annual_rate": 0.085) is not money (covered 2)
      ~ W00 round 2: money is read from the text, never through a float (findings W00 r1 RC3, S3) ARC-13 C04 loads: a rate with more than two decimals (onboarding.json "value": 0.088) is not money (covered 2)
      ~ W00 round 2: money is read from the text, never through a float (findings W00 r1 RC3, S3) ARC-13 C06 loads: a rate with more than two decimals (answer-key.json "priorYearEnd": 1.438) is not money (covered 2)
      ~ W00 round 2: money is read from the text, never through a float (findings W00 r1 RC3, S3) ARC-13 C07 loads: a rate with more than two decimals (onboarding.json "annual_rate": 0.0465) is not money (covered 2)
      ~ W00 round 2: money is read from the text, never through a float (findings W00 r1 RC3, S3) ARC-13 a planted four-decimal exchange rate in C06 still loads (rates are never read as money) (covered 2)
      ~ W00 made-up data guard (card check 5) SEC-11 C01 passes the made-up data guard (covered 2)
      ~ W00 made-up data guard (card check 5) SEC-11 C02 passes the made-up data guard (covered 2)
      ~ W00 made-up data guard (card check 5) SEC-11 C03 passes the made-up data guard (covered 2)
      ~ W00 made-up data guard (card check 5) SEC-11 C04 passes the made-up data guard (covered 2)
      ~ W00 made-up data guard (card check 5) SEC-11 C05 passes the made-up data guard (covered 2)
      ~ W00 made-up data guard (card check 5) SEC-11 C06 passes the made-up data guard (covered 2)
      ~ W00 made-up data guard (card check 5) SEC-11 C07 passes the made-up data guard (covered 2)
      ~ W00 made-up data guard (card check 5) SEC-11 C08 passes the made-up data guard (covered 2)
      ~ W00 made-up data guard (card check 5) SEC-11 C09 passes the made-up data guard (covered 2)
      ~ W00 made-up data guard (card check 5) SEC-11 C10 passes the made-up data guard (covered 2)
      ~ W00 made-up data guard (card check 5) SEC-11 C11 passes the made-up data guard (covered 2)
      ~ W00 made-up data guard (card check 5) SEC-11 C12 passes the made-up data guard (covered 2)
      ~ W00 made-up data guard (card check 5) SEC-11 C13 passes the made-up data guard (covered 2)
      ~ W00 made-up data guard (card check 5) SEC-11 C14 passes the made-up data guard (covered 2)
      ~ W00 made-up data guard (card check 5) SEC-11 C15 passes the made-up data guard (covered 2)
      ~ W00 made-up data guard (card check 5) SEC-11 an owner name without "(Test)" is refused with the reason (covered 2)
      ~ W00 made-up data guard (card check 5) SEC-11 a business number that passes its check digit is refused with the reason (covered 2)
      ~ W00 made-up data guard (card check 5) SEC-11 an e-mail address outside a reserved test domain is refused (covered 2)
      ~ W00 made-up data guard (card check 5) SEC-11 a phone number outside 555-0100 to 555-0199 is refused (covered 2)
      ~ W00 made-up data guard (card check 5) SEC-11 no false alarm: an example.com e-mail and a 555-01xx phone number are accepted (covered 2)
      ~ W00 determinism (card check 8, first half) ARC-16 C01 loads to deep-equal results twice, whatever the clock says (covered 2)
      ~ W00 determinism (card check 8, first half) ARC-16 C02 loads to deep-equal results twice, whatever the clock says (covered 2)
      ~ W00 determinism (card check 8, first half) ARC-16 C03 loads to deep-equal results twice, whatever the clock says (covered 2)
      ~ W00 determinism (card check 8, first half) ARC-16 C04 loads to deep-equal results twice, whatever the clock says (covered 2)
      ~ W00 determinism (card check 8, first half) ARC-16 C05 loads to deep-equal results twice, whatever the clock says (covered 2)
      ~ W00 determinism (card check 8, first half) ARC-16 C06 loads to deep-equal results twice, whatever the clock says (covered 2)
      ~ W00 determinism (card check 8, first half) ARC-16 C07 loads to deep-equal results twice, whatever the clock says (covered 2)
      ~ W00 determinism (card check 8, first half) ARC-16 C08 loads to deep-equal results twice, whatever the clock says (covered 2)
      ~ W00 determinism (card check 8, first half) ARC-16 C09 loads to deep-equal results twice, whatever the clock says (covered 2)
      ~ W00 determinism (card check 8, first half) ARC-16 C10 loads to deep-equal results twice, whatever the clock says (covered 2)
      ~ W00 determinism (card check 8, first half) ARC-16 C11 loads to deep-equal results twice, whatever the clock says (covered 2)
      ~ W00 determinism (card check 8, first half) ARC-16 C12 loads to deep-equal results twice, whatever the clock says (covered 2)
      ~ W00 determinism (card check 8, first half) ARC-16 C13 loads to deep-equal results twice, whatever the clock says (covered 2)
      ~ W00 determinism (card check 8, first half) ARC-16 C14 loads to deep-equal results twice, whatever the clock says (covered 2)
      ~ W00 determinism (card check 8, first half) ARC-16 C15 loads to deep-equal results twice, whatever the clock says (covered 2)
      ~ W00 determinism (card check 8, first half) ARC-16 the loader reads the sample files in place and leaves them byte-identical (covered 2)
    w00c-survivors.test.ts
      ~ ARC-8 W00c an account file that is the folder above is refused as leading out a link to the parent folder is "leads out", not "not a regular file" (covered 2)
      ~ ARC-8 W00c the exact shape of a "(...)" qualifier on an onboarding source "prior_year_closing_balances(1200 Prepaid expenses)" resolves (covered 2)
      ~ ARC-8 W00c the exact shape of a "(...)" qualifier on an onboarding source "prior_year_closing_balances   (1200 Prepaid expenses)" resolves (covered 2)
      ~ ARC-8 W00c the exact shape of a "(...)" qualifier on an onboarding source "prior_year_closing_balances (1200 Prepaid expenses) " resolves (covered 2)
      ~ ARC-8 W00c the exact shape of a "(...)" qualifier on an onboarding source "prior_year_closing_balances (1200 Prepaid expenses)	" resolves (covered 2)
      ~ ARC-8 W00c the exact shape of a "(...)" qualifier on an onboarding source "first line\nprior_year_closing_balances (1200 Prepaid expenses)" is refused (covered 2)
      ~ ARC-8 W00c the exact shape of a "(...)" qualifier on an onboarding source "prior_year_closing_balances (1200 Prepaid expenses) and more" is refused (covered 2)
      ~ ARC-8 W00c the exact shape of a "(...)" qualifier on an onboarding source "prior_year_closing_balances (X1200 Prepaid expenses)" is refused (covered 2)
      ~ ARC-8 W00c the exact shape of a "(...)" qualifier on an onboarding source "prior_year_closing_balances (1200 Prepaid expenses\nmore)" is refused (covered 2)
      ~ ARC-8 W00c the exact shape of a "(...)" qualifier on an onboarding source "prior_year_closing_balances (1200 Prepaid expenses) (1200 Prepaid expenses)x" is refused (covered 2)
      ~ ARC-8 W00c the exact shape of a "(...)" qualifier on an onboarding source a qualifier on a key whose value is null is refused, not a crash (covered 2)
      ~ ARC-8 W00c the exact shape of a "(...)" qualifier on an onboarding source a qualifier on a key whose value is plain text, a number or a boolean is refused (covered 2)
      ✘ ARC-8 W00c the statement roll leaves a duplicate and a priorYear row out a clean duplicate pair with its waiver and marker gives no issue at all, roll included (covered 0)
      ✘ ARC-8 W00c the statement roll leaves a duplicate and a priorYear row out a priorYear row dated inside a listed month is not on that month's statement (covered 0)
      ✘ ARC-8 W00c a priorYear row is excused from "in no month" only when it is before the year and its month is marked a row dated after the year ends, in a marked month, is still in no month (covered 0)
      ✘ ARC-8 W00c a priorYear row is excused from "in no month" only when it is before the year and its month is marked a row dated on the first day of the year, in a month the account lacks, is still in no month (covered 0)
      ✘ ARC-8 W00c a priorYear row is excused from "in no month" only when it is before the year and its month is marked a row dated the day before the year, in a marked month, is excused (covered 0)
      ✘ ARC-8 W00c a repeated transaction id never lets a later row stand in for the first original a duplicate that matches the first row of a repeated id is not called a mismatch (covered 0)
      ✘ ARC-8 W00c a calendar date is the whole text, nothing before or after "x2025-03-05" is not a date (covered 0)
      ✘ ARC-8 W00c a calendar date is the whole text, nothing before or after "2025-03-05x" is not a date (covered 0)
      ✘ ARC-8 W00c a calendar date is the whole text, nothing before or after " 2025-03-05" is not a date (covered 0)
      ✘ ARC-8 W00c a calendar date is the whole text, nothing before or after "2025-03-05\n" is not a date (covered 0)
      ✘ ARC-8 W00c a calendar date is the whole text, nothing before or after "12025-03-05" is not a date (covered 0)
      ✘ ARC-8 W00c a calendar date is the whole text, nothing before or after a plain date is one (covered 0)
  model
    fault-markers.acceptance.test.ts
      ✘ W00a S6 the sample clients and the catalogue agree (walk) ARC-8 the walk finds marked rows and export gaps to test (C10 today), and every month of every client holds the statement roll (covered 0)
      ~ W00a S6 the sample clients and the catalogue agree (walk) ARC-8 C01 loads with the real catalogue (both rolls, markers and relations hold) (covered 2)
      ~ W00a S6 the sample clients and the catalogue agree (walk) ARC-8 C02 loads with the real catalogue (both rolls, markers and relations hold) (covered 2)
      ~ W00a S6 the sample clients and the catalogue agree (walk) ARC-8 C03 loads with the real catalogue (both rolls, markers and relations hold) (covered 2)
      ~ W00a S6 the sample clients and the catalogue agree (walk) ARC-8 C04 loads with the real catalogue (both rolls, markers and relations hold) (covered 2)
      ~ W00a S6 the sample clients and the catalogue agree (walk) ARC-8 C05 loads with the real catalogue (both rolls, markers and relations hold) (covered 2)
      ~ W00a S6 the sample clients and the catalogue agree (walk) ARC-8 C06 loads with the real catalogue (both rolls, markers and relations hold) (covered 2)
      ~ W00a S6 the sample clients and the catalogue agree (walk) ARC-8 C07 loads with the real catalogue (both rolls, markers and relations hold) (covered 2)
      ~ W00a S6 the sample clients and the catalogue agree (walk) ARC-8 C08 loads with the real catalogue (both rolls, markers and relations hold) (covered 2)
      ~ W00a S6 the sample clients and the catalogue agree (walk) ARC-8 C09 loads with the real catalogue (both rolls, markers and relations hold) (covered 2)
      ✓ W00a S6 the sample clients and the catalogue agree (walk) ARC-8 C10 loads with the real catalogue (both rolls, markers and relations hold) (killed 39)
      ~ W00a S6 the sample clients and the catalogue agree (walk) ARC-8 C11 loads with the real catalogue (both rolls, markers and relations hold) (covered 2)
      ✓ W00a S6 the sample clients and the catalogue agree (walk) ARC-8 C12 loads with the real catalogue (both rolls, markers and relations hold) (killed 2)
      ~ W00a S6 the sample clients and the catalogue agree (walk) ARC-8 C13 loads with the real catalogue (both rolls, markers and relations hold) (covered 2)
      ~ W00a S6 the sample clients and the catalogue agree (walk) ARC-8 C14 loads with the real catalogue (both rolls, markers and relations hold) (covered 2)
      ~ W00a S6 the sample clients and the catalogue agree (walk) ARC-8 C15 loads with the real catalogue (both rolls, markers and relations hold) (covered 2)
      ~ W00a S6 the sample clients and the catalogue agree (walk) ARC-8 the catalogue has a marker entry for exactly the marked groups the walk finds, each on a flag the client answer key has (covered 2)
      ~ W00a S6 the sample clients and the catalogue agree (walk) ARC-8 the catalogue has a roll entry for exactly the months whose export does not roll, with the cause the walk finds (covered 2)
      ~ W00a S6 every marker needs its catalogue entry ARC-8 C10 priorYear CHQ 2024-12: with its marker taken off the catalogue entry, the client is refused naming every marked row and the marker (covered 2)
      ~ W00a S6 every marker needs its catalogue entry ARC-8 C10 dupOf CHQ 2025-03: with its marker taken off the catalogue entry, the client is refused naming every marked row and the marker (covered 2)
      ~ W00a S6 every marker needs its catalogue entry ARC-8 C10 missingFromExport CHQ 2025-05: with its marker taken off the catalogue entry, the client is refused naming every marked row and the marker (covered 2)
      ~ W00a S6 every marker needs its catalogue entry ARC-8 C10 priorYear CHQ 2024-12: a marker entry moved to a month its listed rows are not dated in is refused, naming the entry (covered 2)
      ~ W00a S6 every marker needs its catalogue entry ARC-8 C10 dupOf CHQ 2025-03: a marker entry moved to a month its listed rows are not dated in is refused, naming the entry (covered 2)
      ~ W00a S6 every marker needs its catalogue entry ARC-8 C10 missingFromExport CHQ 2025-05: a marker entry moved to a month its listed rows are not dated in is refused, naming the entry (covered 2)
      ~ W00a S6 every marker needs its catalogue entry ARC-8 C10 priorYear CHQ 2024-12: a marker entry with no flag is refused, naming the entry (covered 2)
      ~ W00a S6 every marker needs its catalogue entry ARC-8 C10 dupOf CHQ 2025-03: a marker entry with no flag is refused, naming the entry (covered 2)
      ~ W00a S6 every marker needs its catalogue entry ARC-8 C10 missingFromExport CHQ 2025-05: a marker entry with no flag is refused, naming the entry (covered 2)
      ~ W00a S6 every marker needs its catalogue entry ARC-8 C01 CHQ: a planted dupOf row in a month the catalogue waives as "duplicate" but lists no marker for is refused (covered 2)
      ~ W00a S6 every marker needs its catalogue entry ARC-8 C01 BCD: a planted dupOf row in a month the catalogue waives as "duplicate" but lists no marker for is refused (covered 2)
      ~ W00a S6 every marker needs its catalogue entry ARC-8 C01 PCD: a planted dupOf row in a month the catalogue waives as "duplicate" but lists no marker for is refused (covered 2)
      ~ W00a S6 every marker needs its catalogue entry ARC-8 C02 CHQ: a planted dupOf row in a month the catalogue waives as "duplicate" but lists no marker for is refused (covered 2)
      ~ W00a S6 every marker needs its catalogue entry ARC-8 C02 BCD: a planted dupOf row in a month the catalogue waives as "duplicate" but lists no marker for is refused (covered 2)
      ~ W00a S6 every marker needs its catalogue entry ARC-8 C03 CHQ: a planted dupOf row in a month the catalogue waives as "duplicate" but lists no marker for is refused (covered 2)
      ~ W00a S6 every marker needs its catalogue entry ARC-8 C03 BCD: a planted dupOf row in a month the catalogue waives as "duplicate" but lists no marker for is refused (covered 2)
      ~ W00a S6 every marker needs its catalogue entry ARC-8 C04 CHQ: a planted dupOf row in a month the catalogue waives as "duplicate" but lists no marker for is refused (covered 2)
      ~ W00a S6 every marker needs its catalogue entry ARC-8 C04 BCD: a planted dupOf row in a month the catalogue waives as "duplicate" but lists no marker for is refused (covered 2)
      ~ W00a S6 every marker needs its catalogue entry ARC-8 C05 CHQ: a planted dupOf row in a month the catalogue waives as "duplicate" but lists no marker for is refused (covered 2)
      ~ W00a S6 every marker needs its catalogue entry ARC-8 C05 BRK: a planted dupOf row in a month the catalogue waives as "duplicate" but lists no marker for is refused (covered 2)
      ~ W00a S6 every marker needs its catalogue entry ARC-8 C06 CHQ: a planted dupOf row in a month the catalogue waives as "duplicate" but lists no marker for is refused (covered 2)
      ~ W00a S6 every marker needs its catalogue entry ARC-8 C06 USD: a planted dupOf row in a month the catalogue waives as "duplicate" but lists no marker for is refused (covered 2)
      ~ W00a S6 every marker needs its catalogue entry ARC-8 C06 BCD: a planted dupOf row in a month the catalogue waives as "duplicate" but lists no marker for is refused (covered 2)
      ~ W00a S6 every marker needs its catalogue entry ARC-8 C07 CHQ: a planted dupOf row in a month the catalogue waives as "duplicate" but lists no marker for is refused (covered 2)
      ~ W00a S6 every marker needs its catalogue entry ARC-8 C08 CHQ: a planted dupOf row in a month the catalogue waives as "duplicate" but lists no marker for is refused (covered 2)
      ~ W00a S6 every marker needs its catalogue entry ARC-8 C08 USD: a planted dupOf row in a month the catalogue waives as "duplicate" but lists no marker for is refused (covered 2)
      ~ W00a S6 every marker needs its catalogue entry ARC-8 C08 BCD: a planted dupOf row in a month the catalogue waives as "duplicate" but lists no marker for is refused (covered 2)
      ~ W00a S6 every marker needs its catalogue entry ARC-8 C08 PCD: a planted dupOf row in a month the catalogue waives as "duplicate" but lists no marker for is refused (covered 2)
      ~ W00a S6 every marker needs its catalogue entry ARC-8 C09 CHQ: a planted dupOf row in a month the catalogue waives as "duplicate" but lists no marker for is refused (covered 2)
      ~ W00a S6 every marker needs its catalogue entry ARC-8 C09 BCD: a planted dupOf row in a month the catalogue waives as "duplicate" but lists no marker for is refused (covered 2)
      ~ W00a S6 every marker needs its catalogue entry ARC-8 C10 CHQ: a planted dupOf row in a month the catalogue waives as "duplicate" but lists no marker for is refused (covered 2)
      ~ W00a S6 every marker needs its catalogue entry ARC-8 C10 BCD: a planted dupOf row in a month the catalogue waives as "duplicate" but lists no marker for is refused (covered 2)
      ~ W00a S6 every marker needs its catalogue entry ARC-8 C11 CHQ: a planted dupOf row in a month the catalogue waives as "duplicate" but lists no marker for is refused (covered 2)
      ~ W00a S6 every marker needs its catalogue entry ARC-8 C11 BCD: a planted dupOf row in a month the catalogue waives as "duplicate" but lists no marker for is refused (covered 2)
      ~ W00a S6 every marker needs its catalogue entry ARC-8 C13 CHQ: a planted dupOf row in a month the catalogue waives as "duplicate" but lists no marker for is refused (covered 2)
      ~ W00a S6 every marker needs its catalogue entry ARC-8 C13 BCD: a planted dupOf row in a month the catalogue waives as "duplicate" but lists no marker for is refused (covered 2)
      ~ W00a S6 every marker needs its catalogue entry ARC-8 C14 CHQ: a planted dupOf row in a month the catalogue waives as "duplicate" but lists no marker for is refused (covered 2)
      ~ W00a S6 every marker needs its catalogue entry ARC-8 C14 BCD: a planted dupOf row in a month the catalogue waives as "duplicate" but lists no marker for is refused (covered 2)
      ~ W00a S6 every marker needs its catalogue entry ARC-8 C15 CHQ: a planted dupOf row in a month the catalogue waives as "duplicate" but lists no marker for is refused (covered 2)
      ~ W00a S6 every marker needs its catalogue entry ARC-8 C15 BCD: a planted dupOf row in a month the catalogue waives as "duplicate" but lists no marker for is refused (covered 2)
      ~ W00a S6 every marker needs its catalogue entry ARC-8 C01 CHQ: a missingFromExport row in a month the catalogue waives as "missing" but lists no marker for is refused (covered 2)
      ~ W00a S6 every marker needs its catalogue entry ARC-8 C01 BCD: a missingFromExport row in a month the catalogue waives as "missing" but lists no marker for is refused (covered 2)
      ~ W00a S6 every marker needs its catalogue entry ARC-8 C01 PCD: a missingFromExport row in a month the catalogue waives as "missing" but lists no marker for is refused (covered 2)
      ~ W00a S6 every marker needs its catalogue entry ARC-8 C02 CHQ: a missingFromExport row in a month the catalogue waives as "missing" but lists no marker for is refused (covered 2)
      ~ W00a S6 every marker needs its catalogue entry ARC-8 C02 BCD: a missingFromExport row in a month the catalogue waives as "missing" but lists no marker for is refused (covered 2)
      ~ W00a S6 every marker needs its catalogue entry ARC-8 C03 CHQ: a missingFromExport row in a month the catalogue waives as "missing" but lists no marker for is refused (covered 2)
      ~ W00a S6 every marker needs its catalogue entry ARC-8 C03 BCD: a missingFromExport row in a month the catalogue waives as "missing" but lists no marker for is refused (covered 2)
      ~ W00a S6 every marker needs its catalogue entry ARC-8 C04 CHQ: a missingFromExport row in a month the catalogue waives as "missing" but lists no marker for is refused (covered 2)
      ~ W00a S6 every marker needs its catalogue entry ARC-8 C04 BCD: a missingFromExport row in a month the catalogue waives as "missing" but lists no marker for is refused (covered 2)
      ~ W00a S6 every marker needs its catalogue entry ARC-8 C05 CHQ: a missingFromExport row in a month the catalogue waives as "missing" but lists no marker for is refused (covered 2)
      ~ W00a S6 every marker needs its catalogue entry ARC-8 C05 BRK: a missingFromExport row in a month the catalogue waives as "missing" but lists no marker for is refused (covered 2)
      ~ W00a S6 every marker needs its catalogue entry ARC-8 C06 CHQ: a missingFromExport row in a month the catalogue waives as "missing" but lists no marker for is refused (covered 2)
      ~ W00a S6 every marker needs its catalogue entry ARC-8 C06 USD: a missingFromExport row in a month the catalogue waives as "missing" but lists no marker for is refused (covered 2)
      ~ W00a S6 every marker needs its catalogue entry ARC-8 C06 BCD: a missingFromExport row in a month the catalogue waives as "missing" but lists no marker for is refused (covered 2)
      ~ W00a S6 every marker needs its catalogue entry ARC-8 C07 CHQ: a missingFromExport row in a month the catalogue waives as "missing" but lists no marker for is refused (covered 2)
      ~ W00a S6 every marker needs its catalogue entry ARC-8 C08 CHQ: a missingFromExport row in a month the catalogue waives as "missing" but lists no marker for is refused (covered 2)
      ~ W00a S6 every marker needs its catalogue entry ARC-8 C08 USD: a missingFromExport row in a month the catalogue waives as "missing" but lists no marker for is refused (covered 2)
      ~ W00a S6 every marker needs its catalogue entry ARC-8 C08 BCD: a missingFromExport row in a month the catalogue waives as "missing" but lists no marker for is refused (covered 2)
      ~ W00a S6 every marker needs its catalogue entry ARC-8 C08 PCD: a missingFromExport row in a month the catalogue waives as "missing" but lists no marker for is refused (covered 2)
      ~ W00a S6 every marker needs its catalogue entry ARC-8 C09 CHQ: a missingFromExport row in a month the catalogue waives as "missing" but lists no marker for is refused (covered 2)
      ~ W00a S6 every marker needs its catalogue entry ARC-8 C09 BCD: a missingFromExport row in a month the catalogue waives as "missing" but lists no marker for is refused (covered 2)
      ~ W00a S6 every marker needs its catalogue entry ARC-8 C10 CHQ: a missingFromExport row in a month the catalogue waives as "missing" but lists no marker for is refused (covered 2)
      ~ W00a S6 every marker needs its catalogue entry ARC-8 C10 BCD: a missingFromExport row in a month the catalogue waives as "missing" but lists no marker for is refused (covered 2)
      ~ W00a S6 every marker needs its catalogue entry ARC-8 C11 CHQ: a missingFromExport row in a month the catalogue waives as "missing" but lists no marker for is refused (covered 2)
      ~ W00a S6 every marker needs its catalogue entry ARC-8 C11 BCD: a missingFromExport row in a month the catalogue waives as "missing" but lists no marker for is refused (covered 2)
      ~ W00a S6 every marker needs its catalogue entry ARC-8 C13 CHQ: a missingFromExport row in a month the catalogue waives as "missing" but lists no marker for is refused (covered 2)
      ~ W00a S6 every marker needs its catalogue entry ARC-8 C13 BCD: a missingFromExport row in a month the catalogue waives as "missing" but lists no marker for is refused (covered 2)
      ~ W00a S6 every marker needs its catalogue entry ARC-8 C14 CHQ: a missingFromExport row in a month the catalogue waives as "missing" but lists no marker for is refused (covered 2)
      ~ W00a S6 every marker needs its catalogue entry ARC-8 C14 BCD: a missingFromExport row in a month the catalogue waives as "missing" but lists no marker for is refused (covered 2)
      ~ W00a S6 every marker needs its catalogue entry ARC-8 C15 CHQ: a missingFromExport row in a month the catalogue waives as "missing" but lists no marker for is refused (covered 2)
      ~ W00a S6 every marker needs its catalogue entry ARC-8 C15 BCD: a missingFromExport row in a month the catalogue waives as "missing" but lists no marker for is refused (covered 2)
      ~ W00a S6 every marker needs its catalogue entry ARC-8 C01 CHQ: a planted priorYear row dated before the year with no catalogue entry listing it is refused, naming the row and the field (covered 2)
      ~ W00a S6 every marker needs its catalogue entry ARC-8 C01 BCD: a planted priorYear row dated before the year with no catalogue entry listing it is refused, naming the row and the field (covered 2)
      ~ W00a S6 every marker needs its catalogue entry ARC-8 C01 PCD: a planted priorYear row dated before the year with no catalogue entry listing it is refused, naming the row and the field (covered 2)
      ~ W00a S6 every marker needs its catalogue entry ARC-8 C02 CHQ: a planted priorYear row dated before the year with no catalogue entry listing it is refused, naming the row and the field (covered 2)
      ~ W00a S6 every marker needs its catalogue entry ARC-8 C02 BCD: a planted priorYear row dated before the year with no catalogue entry listing it is refused, naming the row and the field (covered 2)
      ~ W00a S6 every marker needs its catalogue entry ARC-8 C03 CHQ: a planted priorYear row dated before the year with no catalogue entry listing it is refused, naming the row and the field (covered 2)
      ~ W00a S6 every marker needs its catalogue entry ARC-8 C03 BCD: a planted priorYear row dated before the year with no catalogue entry listing it is refused, naming the row and the field (covered 2)
      ~ W00a S6 every marker needs its catalogue entry ARC-8 C04 CHQ: a planted priorYear row dated before the year with no catalogue entry listing it is refused, naming the row and the field (covered 2)
      ~ W00a S6 every marker needs its catalogue entry ARC-8 C04 BCD: a planted priorYear row dated before the year with no catalogue entry listing it is refused, naming the row and the field (covered 2)
      ~ W00a S6 every marker needs its catalogue entry ARC-8 C05 CHQ: a planted priorYear row dated before the year with no catalogue entry listing it is refused, naming the row and the field (covered 2)
      ~ W00a S6 every marker needs its catalogue entry ARC-8 C05 BRK: a planted priorYear row dated before the year with no catalogue entry listing it is refused, naming the row and the field (covered 2)
      ~ W00a S6 every marker needs its catalogue entry ARC-8 C06 CHQ: a planted priorYear row dated before the year with no catalogue entry listing it is refused, naming the row and the field (covered 2)
      ~ W00a S6 every marker needs its catalogue entry ARC-8 C06 USD: a planted priorYear row dated before the year with no catalogue entry listing it is refused, naming the row and the field (covered 2)
      ~ W00a S6 every marker needs its catalogue entry ARC-8 C06 BCD: a planted priorYear row dated before the year with no catalogue entry listing it is refused, naming the row and the field (covered 2)
      ~ W00a S6 every marker needs its catalogue entry ARC-8 C07 CHQ: a planted priorYear row dated before the year with no catalogue entry listing it is refused, naming the row and the field (covered 2)
      ~ W00a S6 every marker needs its catalogue entry ARC-8 C08 CHQ: a planted priorYear row dated before the year with no catalogue entry listing it is refused, naming the row and the field (covered 2)
      ~ W00a S6 every marker needs its catalogue entry ARC-8 C08 USD: a planted priorYear row dated before the year with no catalogue entry listing it is refused, naming the row and the field (covered 2)
      ~ W00a S6 every marker needs its catalogue entry ARC-8 C08 BCD: a planted priorYear row dated before the year with no catalogue entry listing it is refused, naming the row and the field (covered 2)
      ~ W00a S6 every marker needs its catalogue entry ARC-8 C08 PCD: a planted priorYear row dated before the year with no catalogue entry listing it is refused, naming the row and the field (covered 2)
      ~ W00a S6 every marker needs its catalogue entry ARC-8 C09 CHQ: a planted priorYear row dated before the year with no catalogue entry listing it is refused, naming the row and the field (covered 2)
      ~ W00a S6 every marker needs its catalogue entry ARC-8 C09 BCD: a planted priorYear row dated before the year with no catalogue entry listing it is refused, naming the row and the field (covered 2)
      ~ W00a S6 every marker needs its catalogue entry ARC-8 C10 CHQ: a planted priorYear row dated before the year with no catalogue entry listing it is refused, naming the row and the field (covered 2)
      ~ W00a S6 every marker needs its catalogue entry ARC-8 C10 BCD: a planted priorYear row dated before the year with no catalogue entry listing it is refused, naming the row and the field (covered 2)
      ~ W00a S6 every marker needs its catalogue entry ARC-8 C11 CHQ: a planted priorYear row dated before the year with no catalogue entry listing it is refused, naming the row and the field (covered 2)
      ~ W00a S6 every marker needs its catalogue entry ARC-8 C11 BCD: a planted priorYear row dated before the year with no catalogue entry listing it is refused, naming the row and the field (covered 2)
      ~ W00a S6 every marker needs its catalogue entry ARC-8 C13 CHQ: a planted priorYear row dated before the year with no catalogue entry listing it is refused, naming the row and the field (covered 2)
      ~ W00a S6 every marker needs its catalogue entry ARC-8 C13 BCD: a planted priorYear row dated before the year with no catalogue entry listing it is refused, naming the row and the field (covered 2)
      ~ W00a S6 every marker needs its catalogue entry ARC-8 C14 CHQ: a planted priorYear row dated before the year with no catalogue entry listing it is refused, naming the row and the field (covered 2)
      ~ W00a S6 every marker needs its catalogue entry ARC-8 C14 BCD: a planted priorYear row dated before the year with no catalogue entry listing it is refused, naming the row and the field (covered 2)
      ~ W00a S6 every marker needs its catalogue entry ARC-8 C15 CHQ: a planted priorYear row dated before the year with no catalogue entry listing it is refused, naming the row and the field (covered 2)
      ~ W00a S6 every marker needs its catalogue entry ARC-8 C15 BCD: a planted priorYear row dated before the year with no catalogue entry listing it is refused, naming the row and the field (covered 2)
      ~ W00a S6 a marker never changes the arithmetic: both rolls ARC-8 C01 CHQ: a row marked missingFromExport in an unwaived month is refused by the export roll and the marker check (covered 2)
      ~ W00a S6 a marker never changes the arithmetic: both rolls ARC-8 C01 BCD: a row marked missingFromExport in an unwaived month is refused by the export roll and the marker check (covered 2)
      ~ W00a S6 a marker never changes the arithmetic: both rolls ARC-8 C01 PCD: a row marked missingFromExport in an unwaived month is refused by the export roll and the marker check (covered 2)
      ~ W00a S6 a marker never changes the arithmetic: both rolls ARC-8 C02 CHQ: a row marked missingFromExport in an unwaived month is refused by the export roll and the marker check (covered 2)
      ~ W00a S6 a marker never changes the arithmetic: both rolls ARC-8 C02 BCD: a row marked missingFromExport in an unwaived month is refused by the export roll and the marker check (covered 2)
      ~ W00a S6 a marker never changes the arithmetic: both rolls ARC-8 C03 CHQ: a row marked missingFromExport in an unwaived month is refused by the export roll and the marker check (covered 2)
      ~ W00a S6 a marker never changes the arithmetic: both rolls ARC-8 C03 BCD: a row marked missingFromExport in an unwaived month is refused by the export roll and the marker check (covered 2)
      ~ W00a S6 a marker never changes the arithmetic: both rolls ARC-8 C04 CHQ: a row marked missingFromExport in an unwaived month is refused by the export roll and the marker check (covered 2)
      ~ W00a S6 a marker never changes the arithmetic: both rolls ARC-8 C04 BCD: a row marked missingFromExport in an unwaived month is refused by the export roll and the marker check (covered 2)
      ~ W00a S6 a marker never changes the arithmetic: both rolls ARC-8 C05 CHQ: a row marked missingFromExport in an unwaived month is refused by the export roll and the marker check (covered 2)
      ~ W00a S6 a marker never changes the arithmetic: both rolls ARC-8 C05 BRK: a row marked missingFromExport in an unwaived month is refused by the export roll and the marker check (covered 2)
      ~ W00a S6 a marker never changes the arithmetic: both rolls ARC-8 C06 CHQ: a row marked missingFromExport in an unwaived month is refused by the export roll and the marker check (covered 2)
      ~ W00a S6 a marker never changes the arithmetic: both rolls ARC-8 C06 USD: a row marked missingFromExport in an unwaived month is refused by the export roll and the marker check (covered 2)
      ~ W00a S6 a marker never changes the arithmetic: both rolls ARC-8 C06 BCD: a row marked missingFromExport in an unwaived month is refused by the export roll and the marker check (covered 2)
      ~ W00a S6 a marker never changes the arithmetic: both rolls ARC-8 C07 CHQ: a row marked missingFromExport in an unwaived month is refused by the export roll and the marker check (covered 2)
      ~ W00a S6 a marker never changes the arithmetic: both rolls ARC-8 C08 CHQ: a row marked missingFromExport in an unwaived month is refused by the export roll and the marker check (covered 2)
      ~ W00a S6 a marker never changes the arithmetic: both rolls ARC-8 C08 USD: a row marked missingFromExport in an unwaived month is refused by the export roll and the marker check (covered 2)
      ~ W00a S6 a marker never changes the arithmetic: both rolls ARC-8 C08 BCD: a row marked missingFromExport in an unwaived month is refused by the export roll and the marker check (covered 2)
      ~ W00a S6 a marker never changes the arithmetic: both rolls ARC-8 C08 PCD: a row marked missingFromExport in an unwaived month is refused by the export roll and the marker check (covered 2)
      ~ W00a S6 a marker never changes the arithmetic: both rolls ARC-8 C09 CHQ: a row marked missingFromExport in an unwaived month is refused by the export roll and the marker check (covered 2)
      ~ W00a S6 a marker never changes the arithmetic: both rolls ARC-8 C09 BCD: a row marked missingFromExport in an unwaived month is refused by the export roll and the marker check (covered 2)
      ~ W00a S6 a marker never changes the arithmetic: both rolls ARC-8 C10 CHQ: a row marked missingFromExport in an unwaived month is refused by the export roll and the marker check (covered 2)
      ~ W00a S6 a marker never changes the arithmetic: both rolls ARC-8 C10 BCD: a row marked missingFromExport in an unwaived month is refused by the export roll and the marker check (covered 2)
      ~ W00a S6 a marker never changes the arithmetic: both rolls ARC-8 C11 CHQ: a row marked missingFromExport in an unwaived month is refused by the export roll and the marker check (covered 2)
      ~ W00a S6 a marker never changes the arithmetic: both rolls ARC-8 C11 BCD: a row marked missingFromExport in an unwaived month is refused by the export roll and the marker check (covered 2)
      ~ W00a S6 a marker never changes the arithmetic: both rolls ARC-8 C13 CHQ: a row marked missingFromExport in an unwaived month is refused by the export roll and the marker check (covered 2)
      ~ W00a S6 a marker never changes the arithmetic: both rolls ARC-8 C13 BCD: a row marked missingFromExport in an unwaived month is refused by the export roll and the marker check (covered 2)
      ~ W00a S6 a marker never changes the arithmetic: both rolls ARC-8 C14 CHQ: a row marked missingFromExport in an unwaived month is refused by the export roll and the marker check (covered 2)
      ~ W00a S6 a marker never changes the arithmetic: both rolls ARC-8 C14 BCD: a row marked missingFromExport in an unwaived month is refused by the export roll and the marker check (covered 2)
      ~ W00a S6 a marker never changes the arithmetic: both rolls ARC-8 C15 CHQ: a row marked missingFromExport in an unwaived month is refused by the export roll and the marker check (covered 2)
      ~ W00a S6 a marker never changes the arithmetic: both rolls ARC-8 C15 BCD: a row marked missingFromExport in an unwaived month is refused by the export roll and the marker check (covered 2)
      ~ W00a S6 a marker never changes the arithmetic: both rolls ARC-8 C01 CHQ: a row marked missingFromExport with the closing fudged so the export rolls, marker listed, is refused by the statement roll (covered 2)
      ~ W00a S6 a marker never changes the arithmetic: both rolls ARC-8 C01 BCD: a row marked missingFromExport with the closing fudged so the export rolls, marker listed, is refused by the statement roll (covered 2)
      ~ W00a S6 a marker never changes the arithmetic: both rolls ARC-8 C01 PCD: a row marked missingFromExport with the closing fudged so the export rolls, marker listed, is refused by the statement roll (covered 2)
      ~ W00a S6 a marker never changes the arithmetic: both rolls ARC-8 C02 CHQ: a row marked missingFromExport with the closing fudged so the export rolls, marker listed, is refused by the statement roll (covered 2)
      ~ W00a S6 a marker never changes the arithmetic: both rolls ARC-8 C02 BCD: a row marked missingFromExport with the closing fudged so the export rolls, marker listed, is refused by the statement roll (covered 2)
      ~ W00a S6 a marker never changes the arithmetic: both rolls ARC-8 C03 CHQ: a row marked missingFromExport with the closing fudged so the export rolls, marker listed, is refused by the statement roll (covered 2)
      ~ W00a S6 a marker never changes the arithmetic: both rolls ARC-8 C03 BCD: a row marked missingFromExport with the closing fudged so the export rolls, marker listed, is refused by the statement roll (covered 2)
      ~ W00a S6 a marker never changes the arithmetic: both rolls ARC-8 C04 CHQ: a row marked missingFromExport with the closing fudged so the export rolls, marker listed, is refused by the statement roll (covered 2)
      ~ W00a S6 a marker never changes the arithmetic: both rolls ARC-8 C04 BCD: a row marked missingFromExport with the closing fudged so the export rolls, marker listed, is refused by the statement roll (covered 2)
      ~ W00a S6 a marker never changes the arithmetic: both rolls ARC-8 C05 CHQ: a row marked missingFromExport with the closing fudged so the export rolls, marker listed, is refused by the statement roll (covered 2)
      ~ W00a S6 a marker never changes the arithmetic: both rolls ARC-8 C05 BRK: a row marked missingFromExport with the closing fudged so the export rolls, marker listed, is refused by the statement roll (covered 2)
      ~ W00a S6 a marker never changes the arithmetic: both rolls ARC-8 C06 CHQ: a row marked missingFromExport with the closing fudged so the export rolls, marker listed, is refused by the statement roll (covered 2)
      ~ W00a S6 a marker never changes the arithmetic: both rolls ARC-8 C06 USD: a row marked missingFromExport with the closing fudged so the export rolls, marker listed, is refused by the statement roll (covered 2)
      ~ W00a S6 a marker never changes the arithmetic: both rolls ARC-8 C06 BCD: a row marked missingFromExport with the closing fudged so the export rolls, marker listed, is refused by the statement roll (covered 2)
      ~ W00a S6 a marker never changes the arithmetic: both rolls ARC-8 C07 CHQ: a row marked missingFromExport with the closing fudged so the export rolls, marker listed, is refused by the statement roll (covered 2)
      ~ W00a S6 a marker never changes the arithmetic: both rolls ARC-8 C08 CHQ: a row marked missingFromExport with the closing fudged so the export rolls, marker listed, is refused by the statement roll (covered 2)
      ~ W00a S6 a marker never changes the arithmetic: both rolls ARC-8 C08 USD: a row marked missingFromExport with the closing fudged so the export rolls, marker listed, is refused by the statement roll (covered 2)
      ~ W00a S6 a marker never changes the arithmetic: both rolls ARC-8 C08 BCD: a row marked missingFromExport with the closing fudged so the export rolls, marker listed, is refused by the statement roll (covered 2)
      ~ W00a S6 a marker never changes the arithmetic: both rolls ARC-8 C08 PCD: a row marked missingFromExport with the closing fudged so the export rolls, marker listed, is refused by the statement roll (covered 2)
      ~ W00a S6 a marker never changes the arithmetic: both rolls ARC-8 C09 CHQ: a row marked missingFromExport with the closing fudged so the export rolls, marker listed, is refused by the statement roll (covered 2)
      ~ W00a S6 a marker never changes the arithmetic: both rolls ARC-8 C09 BCD: a row marked missingFromExport with the closing fudged so the export rolls, marker listed, is refused by the statement roll (covered 2)
      ~ W00a S6 a marker never changes the arithmetic: both rolls ARC-8 C10 CHQ: a row marked missingFromExport with the closing fudged so the export rolls, marker listed, is refused by the statement roll (covered 2)
      ~ W00a S6 a marker never changes the arithmetic: both rolls ARC-8 C10 BCD: a row marked missingFromExport with the closing fudged so the export rolls, marker listed, is refused by the statement roll (covered 2)
      ~ W00a S6 a marker never changes the arithmetic: both rolls ARC-8 C11 CHQ: a row marked missingFromExport with the closing fudged so the export rolls, marker listed, is refused by the statement roll (covered 2)
      ~ W00a S6 a marker never changes the arithmetic: both rolls ARC-8 C11 BCD: a row marked missingFromExport with the closing fudged so the export rolls, marker listed, is refused by the statement roll (covered 2)
      ~ W00a S6 a marker never changes the arithmetic: both rolls ARC-8 C13 CHQ: a row marked missingFromExport with the closing fudged so the export rolls, marker listed, is refused by the statement roll (covered 2)
      ~ W00a S6 a marker never changes the arithmetic: both rolls ARC-8 C13 BCD: a row marked missingFromExport with the closing fudged so the export rolls, marker listed, is refused by the statement roll (covered 2)
      ~ W00a S6 a marker never changes the arithmetic: both rolls ARC-8 C14 CHQ: a row marked missingFromExport with the closing fudged so the export rolls, marker listed, is refused by the statement roll (covered 2)
      ~ W00a S6 a marker never changes the arithmetic: both rolls ARC-8 C14 BCD: a row marked missingFromExport with the closing fudged so the export rolls, marker listed, is refused by the statement roll (covered 2)
      ~ W00a S6 a marker never changes the arithmetic: both rolls ARC-8 C15 CHQ: a row marked missingFromExport with the closing fudged so the export rolls, marker listed, is refused by the statement roll (covered 2)
      ~ W00a S6 a marker never changes the arithmetic: both rolls ARC-8 C15 BCD: a row marked missingFromExport with the closing fudged so the export rolls, marker listed, is refused by the statement roll (covered 2)
      ~ W00a S6 a marker never changes the arithmetic: both rolls ARC-8 C10 CHQ 2025-03: the waiver with its cause flipped no longer explains the gap and the client is refused for that month (covered 2)
      ~ W00a S6 a marker never changes the arithmetic: both rolls ARC-8 C10 CHQ 2025-05: the waiver with its cause flipped no longer explains the gap and the client is refused for that month (covered 2)
      ~ W00a S6 a marker never changes the arithmetic: both rolls ARC-8 C10 CHQ 2025-03: the closing fudged to what the export shows and the waiver dropped is still refused by the statement roll (round 1 RC4 probe) (covered 2)
      ~ W00a S6 a marker never changes the arithmetic: both rolls ARC-8 C10 CHQ 2025-05: the closing fudged to what the export shows and the waiver dropped is still refused by the statement roll (round 1 RC4 probe) (covered 2)
    faults.test.ts
      ✓ ARC-8 the fault catalogue ARC-8 equals the reviewed golden, entry by entry and word for word (killed 613)
      ~ ARC-8 the fault catalogue ARC-8 holds 105 flag entries and the two roll waivers of C10 (covered 2)
      ~ ARC-8 the fault catalogue ARC-8 every flag entry names its own client and flag id (covered 2)
      ~ ARC-8 the fault catalogue ARC-8 returns a fresh array each call, so a caller cannot change the catalogue (covered 2)
    kinds-faults.acceptance.test.ts
      ✘ W00 kinds register (card check 6) END-9 listKinds returns K01 to K13 in order with the starting sample clients blueprint 00 names (covered 0)
      ✘ W00 kinds register (card check 6) END-9 a kind is "built" only when its folder exists, otherwise "not built" (covered 0)
      ✘ W00 kinds register (card check 6) END-9 asking for a kind that is not built fails with "not built", never skips or returns a stub (covered 0)
      ✘ W00 kinds register (card check 6) END-9 an id outside K01 to K13 is refused, naming the id (covered 0)
      ✓ W00 fault catalogue (card check 7) ARC-8 every flag in the C01 answer key is in the fault catalogue with a non-empty expected result (killed 8)
      ~ W00 fault catalogue (card check 7) ARC-8 every flag in the C02 answer key is in the fault catalogue with a non-empty expected result (covered 2)
      ~ W00 fault catalogue (card check 7) ARC-8 every flag in the C03 answer key is in the fault catalogue with a non-empty expected result (covered 2)
      ~ W00 fault catalogue (card check 7) ARC-8 every flag in the C04 answer key is in the fault catalogue with a non-empty expected result (covered 2)
      ~ W00 fault catalogue (card check 7) ARC-8 every flag in the C05 answer key is in the fault catalogue with a non-empty expected result (covered 2)
      ~ W00 fault catalogue (card check 7) ARC-8 every flag in the C06 answer key is in the fault catalogue with a non-empty expected result (covered 2)
      ~ W00 fault catalogue (card check 7) ARC-8 every flag in the C07 answer key is in the fault catalogue with a non-empty expected result (covered 2)
      ~ W00 fault catalogue (card check 7) ARC-8 every flag in the C08 answer key is in the fault catalogue with a non-empty expected result (covered 2)
      ~ W00 fault catalogue (card check 7) ARC-8 every flag in the C09 answer key is in the fault catalogue with a non-empty expected result (covered 2)
      ✓ W00 fault catalogue (card check 7) ARC-8 every flag in the C10 answer key is in the fault catalogue with a non-empty expected result (killed 12)
      ~ W00 fault catalogue (card check 7) ARC-8 every flag in the C11 answer key is in the fault catalogue with a non-empty expected result (covered 2)
      ~ W00 fault catalogue (card check 7) ARC-8 every flag in the C12 answer key is in the fault catalogue with a non-empty expected result (covered 2)
      ~ W00 fault catalogue (card check 7) ARC-8 every flag in the C13 answer key is in the fault catalogue with a non-empty expected result (covered 2)
      ~ W00 fault catalogue (card check 7) ARC-8 every flag in the C14 answer key is in the fault catalogue with a non-empty expected result (covered 2)
      ~ W00 fault catalogue (card check 7) ARC-8 every flag in the C15 answer key is in the fault catalogue with a non-empty expected result (covered 2)
      ~ W00 fault catalogue (card check 7) ARC-8 the catalogue names no flag a sample client does not have, and every entry has an owner and a unique id (covered 2)
      ~ W00 fault catalogue (card check 7) ARC-8 the catalogue holds the roll waivers by client, account and month: exactly C10 CHQ 2025-03 and 2025-05 (covered 2)
      ✘ W00 fault catalogue (card check 7) ARC-8 the catalogue is hand-written: testworld/model/faults.ts never reads the answer keys or the loader (covered 0)

Ran 11.05 tests per mutant on average.
-----------|------------------|----------|-----------|------------|----------|----------|
           | % Mutation score |          |           |            |          |          |
File       |  total | covered | # killed | # timeout | # survived | # no cov | # errors |
-----------|--------|---------|----------|-----------|------------|----------|----------|
All files  | 100.00 |  100.00 |      921 |         0 |          0 |        0 |        0 |
 faults.ts | 100.00 |  100.00 |      921 |         0 |          0 |        0 |        0 |
-----------|--------|---------|----------|-----------|------------|----------|----------|
[32m03:36:58 (3418) INFO JsonReporter[39m Your report can be found at: file:///home/user/ashbridge-returns/reports/W00c-mutation/n-faults.json
[32m03:36:58 (3418) INFO MutationTestReportHelper[39m Final mutation score of 100.00 is greater than or equal to break threshold 70
[32m03:36:58 (3418) INFO MutationTestExecutor[39m Done in 4 minutes and 10 seconds.
