[32m03:40:42 (7352) INFO ProjectReader[39m No incremental result file found at reports/W00c-mutation/n-index-world-incr.json, a full mutation testing run will be performed.
[32m03:40:42 (7352) INFO ProjectReader[39m Found 1 of 1536 file(s) to be mutated.
[32m03:40:42 (7352) INFO Instrumenter[39m Instrumented 1 source file(s) with 0 mutant(s)
[32m03:40:43 (7352) INFO ConcurrencyTokenProvider[39m Creating 4 test runner process(es).
[32m03:40:44 (7352) INFO BroadcastReporter[39m Detected that current console does not support the "progress" reporter, downgrading to "progress-append-only" reporter
[32m03:40:44 (7352) INFO DryRunExecutor[39m Starting initial test run (vitest test runner with "perTest" coverage analysis). This may take a while.
[32m03:41:00 (7352) INFO DryRunExecutor[39m Initial test run succeeded. Ran 248 tests in 15 seconds (net 13862.345365000005 ms, overhead 1345.6546349999953 ms).

All tests
  clients.acceptance.test.ts
    ✘ W00 sample clients load (card check 1) ARC-8 C01 loads with no validation errors and matches the README table (covered 0)
    ✘ W00 sample clients load (card check 1) ARC-8 C02 loads with no validation errors and matches the README table (covered 0)
    ✘ W00 sample clients load (card check 1) ARC-8 C03 loads with no validation errors and matches the README table (covered 0)
    ✘ W00 sample clients load (card check 1) ARC-8 C04 loads with no validation errors and matches the README table (covered 0)
    ✘ W00 sample clients load (card check 1) ARC-8 C05 loads with no validation errors and matches the README table (covered 0)
    ✘ W00 sample clients load (card check 1) ARC-8 C06 loads with no validation errors and matches the README table (covered 0)
    ✘ W00 sample clients load (card check 1) ARC-8 C07 loads with no validation errors and matches the README table (covered 0)
    ✘ W00 sample clients load (card check 1) ARC-8 C08 loads with no validation errors and matches the README table (covered 0)
    ✘ W00 sample clients load (card check 1) ARC-8 C09 loads with no validation errors and matches the README table (covered 0)
    ✘ W00 sample clients load (card check 1) ARC-8 C10 loads with no validation errors and matches the README table (covered 0)
    ✘ W00 sample clients load (card check 1) ARC-8 C11 loads with no validation errors and matches the README table (covered 0)
    ✘ W00 sample clients load (card check 1) ARC-8 C12 loads with no validation errors and matches the README table (covered 0)
    ✘ W00 sample clients load (card check 1) ARC-8 C13 loads with no validation errors and matches the README table (covered 0)
    ✘ W00 sample clients load (card check 1) ARC-8 C14 loads with no validation errors and matches the README table (covered 0)
    ✘ W00 sample clients load (card check 1) ARC-8 C15 loads with no validation errors and matches the README table (covered 0)
    ✘ W00 sample clients load (card check 1) ARC-8 C01 is read in place: every answer-key transaction and account is in the model (covered 0)
    ✘ W00 sample clients load (card check 1) ARC-8 C02 is read in place: every answer-key transaction and account is in the model (covered 0)
    ✘ W00 sample clients load (card check 1) ARC-8 C03 is read in place: every answer-key transaction and account is in the model (covered 0)
    ✘ W00 sample clients load (card check 1) ARC-8 C04 is read in place: every answer-key transaction and account is in the model (covered 0)
    ✘ W00 sample clients load (card check 1) ARC-8 C05 is read in place: every answer-key transaction and account is in the model (covered 0)
    ✘ W00 sample clients load (card check 1) ARC-8 C06 is read in place: every answer-key transaction and account is in the model (covered 0)
    ✘ W00 sample clients load (card check 1) ARC-8 C07 is read in place: every answer-key transaction and account is in the model (covered 0)
    ✘ W00 sample clients load (card check 1) ARC-8 C08 is read in place: every answer-key transaction and account is in the model (covered 0)
    ✘ W00 sample clients load (card check 1) ARC-8 C09 is read in place: every answer-key transaction and account is in the model (covered 0)
    ✘ W00 sample clients load (card check 1) ARC-8 C10 is read in place: every answer-key transaction and account is in the model (covered 0)
    ✘ W00 sample clients load (card check 1) ARC-8 C11 is read in place: every answer-key transaction and account is in the model (covered 0)
    ✘ W00 sample clients load (card check 1) ARC-8 C12 is read in place: every answer-key transaction and account is in the model (covered 0)
    ✘ W00 sample clients load (card check 1) ARC-8 C13 is read in place: every answer-key transaction and account is in the model (covered 0)
    ✘ W00 sample clients load (card check 1) ARC-8 C14 is read in place: every answer-key transaction and account is in the model (covered 0)
    ✘ W00 sample clients load (card check 1) ARC-8 C15 is read in place: every answer-key transaction and account is in the model (covered 0)
    ✘ W00 sample clients load (card check 1) ARC-8 C01: an answer key's prior_year block loads when present, and only then (covered 0)
    ✘ W00 sample clients load (card check 1) ARC-8 C02: an answer key's prior_year block loads when present, and only then (covered 0)
    ✘ W00 sample clients load (card check 1) ARC-8 C03: an answer key's prior_year block loads when present, and only then (covered 0)
    ✘ W00 sample clients load (card check 1) ARC-8 C04: an answer key's prior_year block loads when present, and only then (covered 0)
    ✘ W00 sample clients load (card check 1) ARC-8 C05: an answer key's prior_year block loads when present, and only then (covered 0)
    ✘ W00 sample clients load (card check 1) ARC-8 C06: an answer key's prior_year block loads when present, and only then (covered 0)
    ✘ W00 sample clients load (card check 1) ARC-8 C07: an answer key's prior_year block loads when present, and only then (covered 0)
    ✘ W00 sample clients load (card check 1) ARC-8 C08: an answer key's prior_year block loads when present, and only then (covered 0)
    ✘ W00 sample clients load (card check 1) ARC-8 C09: an answer key's prior_year block loads when present, and only then (covered 0)
    ✘ W00 sample clients load (card check 1) ARC-8 C10: an answer key's prior_year block loads when present, and only then (covered 0)
    ✘ W00 sample clients load (card check 1) ARC-8 C11: an answer key's prior_year block loads when present, and only then (covered 0)
    ✘ W00 sample clients load (card check 1) ARC-8 C12: an answer key's prior_year block loads when present, and only then (covered 0)
    ✘ W00 sample clients load (card check 1) ARC-8 C13: an answer key's prior_year block loads when present, and only then (covered 0)
    ✘ W00 sample clients load (card check 1) ARC-8 C14: an answer key's prior_year block loads when present, and only then (covered 0)
    ✘ W00 sample clients load (card check 1) ARC-8 C15: an answer key's prior_year block loads when present, and only then (covered 0)
    ✘ W00 the books in cents (card check 3) ARC-13 C01: every amount is a safe integer of cents and equals the answer key (covered 0)
    ✘ W00 the books in cents (card check 3) ARC-13 C02: every amount is a safe integer of cents and equals the answer key (covered 0)
    ✘ W00 the books in cents (card check 3) ARC-13 C03: every amount is a safe integer of cents and equals the answer key (covered 0)
    ✘ W00 the books in cents (card check 3) ARC-13 C04: every amount is a safe integer of cents and equals the answer key (covered 0)
    ✘ W00 the books in cents (card check 3) ARC-13 C05: every amount is a safe integer of cents and equals the answer key (covered 0)
    ✘ W00 the books in cents (card check 3) ARC-13 C06: every amount is a safe integer of cents and equals the answer key (covered 0)
    ✘ W00 the books in cents (card check 3) ARC-13 C07: every amount is a safe integer of cents and equals the answer key (covered 0)
    ✘ W00 the books in cents (card check 3) ARC-13 C08: every amount is a safe integer of cents and equals the answer key (covered 0)
    ✘ W00 the books in cents (card check 3) ARC-13 C09: every amount is a safe integer of cents and equals the answer key (covered 0)
    ✘ W00 the books in cents (card check 3) ARC-13 C10: every amount is a safe integer of cents and equals the answer key (covered 0)
    ✘ W00 the books in cents (card check 3) ARC-13 C11: every amount is a safe integer of cents and equals the answer key (covered 0)
    ✘ W00 the books in cents (card check 3) ARC-13 C12: every amount is a safe integer of cents and equals the answer key (covered 0)
    ✘ W00 the books in cents (card check 3) ARC-13 C13: every amount is a safe integer of cents and equals the answer key (covered 0)
    ✘ W00 the books in cents (card check 3) ARC-13 C14: every amount is a safe integer of cents and equals the answer key (covered 0)
    ✘ W00 the books in cents (card check 3) ARC-13 C15: every amount is a safe integer of cents and equals the answer key (covered 0)
    ✘ W00 the books in cents (card check 3) ARC-13 C01: the adjusted trial balance debits equal its credits in cents (covered 0)
    ✘ W00 the books in cents (card check 3) ARC-13 C02: the adjusted trial balance debits equal its credits in cents (covered 0)
    ✘ W00 the books in cents (card check 3) ARC-13 C03: the adjusted trial balance debits equal its credits in cents (covered 0)
    ✘ W00 the books in cents (card check 3) ARC-13 C04: the adjusted trial balance debits equal its credits in cents (covered 0)
    ✘ W00 the books in cents (card check 3) ARC-13 C05: the adjusted trial balance debits equal its credits in cents (covered 0)
    ✘ W00 the books in cents (card check 3) ARC-13 C06: the adjusted trial balance debits equal its credits in cents (covered 0)
    ✘ W00 the books in cents (card check 3) ARC-13 C07: the adjusted trial balance debits equal its credits in cents (covered 0)
    ✘ W00 the books in cents (card check 3) ARC-13 C08: the adjusted trial balance debits equal its credits in cents (covered 0)
    ✘ W00 the books in cents (card check 3) ARC-13 C09: the adjusted trial balance debits equal its credits in cents (covered 0)
    ✘ W00 the books in cents (card check 3) ARC-13 C10: the adjusted trial balance debits equal its credits in cents (covered 0)
    ✘ W00 the books in cents (card check 3) ARC-13 C11: the adjusted trial balance debits equal its credits in cents (covered 0)
    ✘ W00 the books in cents (card check 3) ARC-13 C12: the adjusted trial balance debits equal its credits in cents (covered 0)
    ✘ W00 the books in cents (card check 3) ARC-13 C13: the adjusted trial balance debits equal its credits in cents (covered 0)
    ✘ W00 the books in cents (card check 3) ARC-13 C14: the adjusted trial balance debits equal its credits in cents (covered 0)
    ✘ W00 the books in cents (card check 3) ARC-13 C15: the adjusted trial balance debits equal its credits in cents (covered 0)
    ✘ W00 the books in cents (card check 3) ARC-13 C01: every adjusting entry nets to zero and has a type, a reason and a source (covered 0)
    ✘ W00 the books in cents (card check 3) ARC-13 C02: every adjusting entry nets to zero and has a type, a reason and a source (covered 0)
    ✘ W00 the books in cents (card check 3) ARC-13 C03: every adjusting entry nets to zero and has a type, a reason and a source (covered 0)
    ✘ W00 the books in cents (card check 3) ARC-13 C04: every adjusting entry nets to zero and has a type, a reason and a source (covered 0)
    ✘ W00 the books in cents (card check 3) ARC-13 C05: every adjusting entry nets to zero and has a type, a reason and a source (covered 0)
    ✘ W00 the books in cents (card check 3) ARC-13 C06: every adjusting entry nets to zero and has a type, a reason and a source (covered 0)
    ✘ W00 the books in cents (card check 3) ARC-13 C07: every adjusting entry nets to zero and has a type, a reason and a source (covered 0)
    ✘ W00 the books in cents (card check 3) ARC-13 C08: every adjusting entry nets to zero and has a type, a reason and a source (covered 0)
    ✘ W00 the books in cents (card check 3) ARC-13 C09: every adjusting entry nets to zero and has a type, a reason and a source (covered 0)
    ✘ W00 the books in cents (card check 3) ARC-13 C10: every adjusting entry nets to zero and has a type, a reason and a source (covered 0)
    ✘ W00 the books in cents (card check 3) ARC-13 C11: every adjusting entry nets to zero and has a type, a reason and a source (covered 0)
    ✘ W00 the books in cents (card check 3) ARC-13 C12: every adjusting entry nets to zero and has a type, a reason and a source (covered 0)
    ✘ W00 the books in cents (card check 3) ARC-13 C13: every adjusting entry nets to zero and has a type, a reason and a source (covered 0)
    ✘ W00 the books in cents (card check 3) ARC-13 C14: every adjusting entry nets to zero and has a type, a reason and a source (covered 0)
    ✘ W00 the books in cents (card check 3) ARC-13 C15: every adjusting entry nets to zero and has a type, a reason and a source (covered 0)
    ✘ W00 the books in cents (card check 3) ARC-13 C01: opening balance plus every posting plus the adjusting entries equals each adjusted trial balance line (covered 0)
    ✘ W00 the books in cents (card check 3) ARC-13 C02: opening balance plus every posting plus the adjusting entries equals each adjusted trial balance line (covered 0)
    ✘ W00 the books in cents (card check 3) ARC-13 C03: opening balance plus every posting plus the adjusting entries equals each adjusted trial balance line (covered 0)
    ✘ W00 the books in cents (card check 3) ARC-13 C04: opening balance plus every posting plus the adjusting entries equals each adjusted trial balance line (covered 0)
    ✘ W00 the books in cents (card check 3) ARC-13 C05: opening balance plus every posting plus the adjusting entries equals each adjusted trial balance line (covered 0)
    ✘ W00 the books in cents (card check 3) ARC-13 C06: opening balance plus every posting plus the adjusting entries equals each adjusted trial balance line (covered 0)
    ✘ W00 the books in cents (card check 3) ARC-13 C07: opening balance plus every posting plus the adjusting entries equals each adjusted trial balance line (covered 0)
    ✘ W00 the books in cents (card check 3) ARC-13 C08: opening balance plus every posting plus the adjusting entries equals each adjusted trial balance line (covered 0)
    ✘ W00 the books in cents (card check 3) ARC-13 C09: opening balance plus every posting plus the adjusting entries equals each adjusted trial balance line (covered 0)
    ✘ W00 the books in cents (card check 3) ARC-13 C10: opening balance plus every posting plus the adjusting entries equals each adjusted trial balance line (covered 0)
    ✘ W00 the books in cents (card check 3) ARC-13 C11: opening balance plus every posting plus the adjusting entries equals each adjusted trial balance line (covered 0)
    ✘ W00 the books in cents (card check 3) ARC-13 C12: opening balance plus every posting plus the adjusting entries equals each adjusted trial balance line (covered 0)
    ✘ W00 the books in cents (card check 3) ARC-13 C13: opening balance plus every posting plus the adjusting entries equals each adjusted trial balance line (covered 0)
    ✘ W00 the books in cents (card check 3) ARC-13 C14: opening balance plus every posting plus the adjusting entries equals each adjusted trial balance line (covered 0)
    ✘ W00 the books in cents (card check 3) ARC-13 C15: opening balance plus every posting plus the adjusting entries equals each adjusted trial balance line (covered 0)
    ✘ W00 the roll check (card check 4) ARC-8 C04 with one March chequing transaction removed fails the roll check for CHQ 2025-03 with the reason (covered 0)
    ✘ W00 the roll check (card check 4) ARC-8 C10 loads although March and May do not roll, because both are planted faults it lists (covered 0)
    ✘ W00 the roll check (card check 4) ARC-8 C10 with its CHQ 2025-05 roll entry taken out of the catalogue passed in is refused for CHQ 2025-05 (covered 0)
    ✘ W00 the roll check (card check 4) ARC-8 a month the client's own data marks rolls: false is refused when the catalogue has no entry for it (C01 CHQ 2025-03) (covered 0)
    ✘ W00 the roll check (card check 4) ARC-8 an account with transactions but no statement balances is refused, naming the account (no vacuous roll pass) (covered 0)
    ✘ W00 the roll check (card check 4) ARC-8 C01 has no planted roll fault: every month of every account rolls (covered 0)
    ✘ W00 the roll check (card check 4) ARC-8 C02 has no planted roll fault: every month of every account rolls (covered 0)
    ✘ W00 the roll check (card check 4) ARC-8 C03 has no planted roll fault: every month of every account rolls (covered 0)
    ✘ W00 the roll check (card check 4) ARC-8 C04 has no planted roll fault: every month of every account rolls (covered 0)
    ✘ W00 the roll check (card check 4) ARC-8 C05 has no planted roll fault: every month of every account rolls (covered 0)
    ✘ W00 the roll check (card check 4) ARC-8 C06 has no planted roll fault: every month of every account rolls (covered 0)
    ✘ W00 the roll check (card check 4) ARC-8 C07 has no planted roll fault: every month of every account rolls (covered 0)
    ✘ W00 the roll check (card check 4) ARC-8 C08 has no planted roll fault: every month of every account rolls (covered 0)
    ✘ W00 the roll check (card check 4) ARC-8 C09 has no planted roll fault: every month of every account rolls (covered 0)
    ✘ W00 the roll check (card check 4) ARC-8 C11 has no planted roll fault: every month of every account rolls (covered 0)
    ✘ W00 the roll check (card check 4) ARC-8 C12 has no planted roll fault: every month of every account rolls (covered 0)
    ✘ W00 the roll check (card check 4) ARC-8 C13 has no planted roll fault: every month of every account rolls (covered 0)
    ✘ W00 the roll check (card check 4) ARC-8 C14 has no planted roll fault: every month of every account rolls (covered 0)
    ✘ W00 the roll check (card check 4) ARC-8 C15 has no planted roll fault: every month of every account rolls (covered 0)
    ✘ W00 each model check catches its planted fault ARC-8 an adjusting entry off by one cent is refused as not netting to zero (covered 0)
    ✘ W00 each model check catches its planted fault ARC-8 an adjusted trial balance off by one cent is refused (covered 0)
    ✘ W00 each model check catches its planted fault ARC-8 a transaction with no account is refused, naming the transaction (covered 0)
    ✘ W00 each model check catches its planted fault ARC-8 a GIFI code that is not four digits is refused, naming the account (covered 0)
    ✘ W00 each model check catches its planted fault ARC-8 an adjusting entry with no reason is refused (covered 0)
    ✘ W00 each model check catches its planted fault ARC-8 an adjusting entry with no source is refused (covered 0)
    ✘ W00 round 2: the model checks have no vacuous passes (findings W00 r1 RC4, S4) ARC-8 a transaction on an account the client does not declare is refused, naming the transaction (covered 0)
    ✘ W00 round 2: the model checks have no vacuous passes (findings W00 r1 RC4, S4) ARC-8 an adjusting entry with no lines is refused (an empty entry does not net to zero by default) (covered 0)
    ✘ W00 round 2: the model checks have no vacuous passes (findings W00 r1 RC4, S4) ARC-8 a trial balance line with no GIFI code is refused, naming the account (covered 0)
    ✘ W00 round 2: the model checks have no vacuous passes (findings W00 r1 RC4, S4) ARC-8 a suspense line with no GIFI code passes only while it is marked "confirm": C09 1390 marked settled is refused (covered 0)
    ✘ W00 round 2: the model checks have no vacuous passes (findings W00 r1 RC4, S4) ARC-8 an answer-key flag the fault catalogue does not list is refused, naming the flag (covered 0)
    ✘ W00 round 2: the model checks have no vacuous passes (findings W00 r1 RC4, S4) ARC-8 a catalogue entry naming a flag the answer key no longer has is refused, naming the flag (covered 0)
    ✘ W00 round 2: money is read from the text, never through a float (findings W00 r1 RC3, S3) ARC-13 an answer-key amount written with three decimals ("-282.500") is refused with the reason (covered 0)
    ✘ W00 round 2: money is read from the text, never through a float (findings W00 r1 RC3, S3) ARC-13 a 16-digit amount loads as exact cents (no float on the way: 90000000000000.99 and .85) (covered 0)
    ✘ W00 round 2: money is read from the text, never through a float (findings W00 r1 RC3, S3) ARC-13 C02 loads: a rate with more than two decimals (onboarding.json "annual_rate": 0.085) is not money (covered 0)
    ✘ W00 round 2: money is read from the text, never through a float (findings W00 r1 RC3, S3) ARC-13 C04 loads: a rate with more than two decimals (onboarding.json "value": 0.088) is not money (covered 0)
    ✘ W00 round 2: money is read from the text, never through a float (findings W00 r1 RC3, S3) ARC-13 C06 loads: a rate with more than two decimals (answer-key.json "priorYearEnd": 1.438) is not money (covered 0)
    ✘ W00 round 2: money is read from the text, never through a float (findings W00 r1 RC3, S3) ARC-13 C07 loads: a rate with more than two decimals (onboarding.json "annual_rate": 0.0465) is not money (covered 0)
    ✘ W00 round 2: money is read from the text, never through a float (findings W00 r1 RC3, S3) ARC-13 a planted four-decimal exchange rate in C06 still loads (rates are never read as money) (covered 0)
    ✘ W00 made-up data guard (card check 5) SEC-11 C01 passes the made-up data guard (covered 0)
    ✘ W00 made-up data guard (card check 5) SEC-11 C02 passes the made-up data guard (covered 0)
    ✘ W00 made-up data guard (card check 5) SEC-11 C03 passes the made-up data guard (covered 0)
    ✘ W00 made-up data guard (card check 5) SEC-11 C04 passes the made-up data guard (covered 0)
    ✘ W00 made-up data guard (card check 5) SEC-11 C05 passes the made-up data guard (covered 0)
    ✘ W00 made-up data guard (card check 5) SEC-11 C06 passes the made-up data guard (covered 0)
    ✘ W00 made-up data guard (card check 5) SEC-11 C07 passes the made-up data guard (covered 0)
    ✘ W00 made-up data guard (card check 5) SEC-11 C08 passes the made-up data guard (covered 0)
    ✘ W00 made-up data guard (card check 5) SEC-11 C09 passes the made-up data guard (covered 0)
    ✘ W00 made-up data guard (card check 5) SEC-11 C10 passes the made-up data guard (covered 0)
    ✘ W00 made-up data guard (card check 5) SEC-11 C11 passes the made-up data guard (covered 0)
    ✘ W00 made-up data guard (card check 5) SEC-11 C12 passes the made-up data guard (covered 0)
    ✘ W00 made-up data guard (card check 5) SEC-11 C13 passes the made-up data guard (covered 0)
    ✘ W00 made-up data guard (card check 5) SEC-11 C14 passes the made-up data guard (covered 0)
    ✘ W00 made-up data guard (card check 5) SEC-11 C15 passes the made-up data guard (covered 0)
    ✘ W00 made-up data guard (card check 5) SEC-11 an owner name without "(Test)" is refused with the reason (covered 0)
    ✘ W00 made-up data guard (card check 5) SEC-11 a business number that passes its check digit is refused with the reason (covered 0)
    ✘ W00 made-up data guard (card check 5) SEC-11 an e-mail address outside a reserved test domain is refused (covered 0)
    ✘ W00 made-up data guard (card check 5) SEC-11 a phone number outside 555-0100 to 555-0199 is refused (covered 0)
    ✘ W00 made-up data guard (card check 5) SEC-11 no false alarm: an example.com e-mail and a 555-01xx phone number are accepted (covered 0)
    ✘ W00 determinism (card check 8, first half) ARC-16 C01 loads to deep-equal results twice, whatever the clock says (covered 0)
    ✘ W00 determinism (card check 8, first half) ARC-16 C02 loads to deep-equal results twice, whatever the clock says (covered 0)
    ✘ W00 determinism (card check 8, first half) ARC-16 C03 loads to deep-equal results twice, whatever the clock says (covered 0)
    ✘ W00 determinism (card check 8, first half) ARC-16 C04 loads to deep-equal results twice, whatever the clock says (covered 0)
    ✘ W00 determinism (card check 8, first half) ARC-16 C05 loads to deep-equal results twice, whatever the clock says (covered 0)
    ✘ W00 determinism (card check 8, first half) ARC-16 C06 loads to deep-equal results twice, whatever the clock says (covered 0)
    ✘ W00 determinism (card check 8, first half) ARC-16 C07 loads to deep-equal results twice, whatever the clock says (covered 0)
    ✘ W00 determinism (card check 8, first half) ARC-16 C08 loads to deep-equal results twice, whatever the clock says (covered 0)
    ✘ W00 determinism (card check 8, first half) ARC-16 C09 loads to deep-equal results twice, whatever the clock says (covered 0)
    ✘ W00 determinism (card check 8, first half) ARC-16 C10 loads to deep-equal results twice, whatever the clock says (covered 0)
    ✘ W00 determinism (card check 8, first half) ARC-16 C11 loads to deep-equal results twice, whatever the clock says (covered 0)
    ✘ W00 determinism (card check 8, first half) ARC-16 C12 loads to deep-equal results twice, whatever the clock says (covered 0)
    ✘ W00 determinism (card check 8, first half) ARC-16 C13 loads to deep-equal results twice, whatever the clock says (covered 0)
    ✘ W00 determinism (card check 8, first half) ARC-16 C14 loads to deep-equal results twice, whatever the clock says (covered 0)
    ✘ W00 determinism (card check 8, first half) ARC-16 C15 loads to deep-equal results twice, whatever the clock says (covered 0)
    ✘ W00 determinism (card check 8, first half) ARC-16 the loader reads the sample files in place and leaves them byte-identical (covered 0)
  made-up-data.acceptance.test.ts
    ✘ W00 round 2: SEC-11 the guard covers every name field SEC-11 C01 answer-key.json ["name"] without "(Test)" ("Realco Holdings Ltd.") is refused with the reason (covered 0)
    ✘ W00 round 2: SEC-11 the guard covers every name field SEC-11 C01 answer-key.json ["parties",1,"name"] without "(Test)" ("Realco Holdings Ltd.") is refused with the reason (covered 0)
    ✘ W00 round 2: SEC-11 the guard covers every name field SEC-11 C01 answer-key.json ["parties",0,"name"] without "(Test)" ("Jordan Realperson") is refused with the reason (covered 0)
    ✘ W00 round 2: SEC-11 the guard covers every name field SEC-11 C01 answer-key.json ["t2Inputs","schedule50",0,"name"] without "(Test)" ("Jordan Realperson") is refused with the reason (covered 0)
    ✘ W00 round 2: SEC-11 the guard covers every name field SEC-11 C01 answer-key.json ["t2Inputs","slips","T5",0,"recipient"] without "(Test)" ("Jordan Realperson") is refused with the reason (covered 0)
    ✘ W00 round 2: SEC-11 the guard covers every name field SEC-11 C01 answer-key.json ["t2Inputs","schedule3","dividendsPaid",0,"recipient"] without "(Test)" ("Jordan Realperson") is refused with the reason (covered 0)
    ✘ W00 round 2: SEC-11 the guard covers every name field SEC-11 C03 answer-key.json ["t2Inputs","slips","T4",0,"employee"] without "(Test)" ("Jordan Realperson") is refused with the reason (covered 0)
    ✘ W00 round 2: SEC-11 the guard covers every name field SEC-11 C05 answer-key.json ["t2Inputs","schedule9","relatedCorporations",0,"name"] without "(Test)" ("Realco Holdings Ltd.") is refused with the reason (covered 0)
    ✘ W00 round 2: SEC-11 the guard covers every name field SEC-11 C06 answer-key.json ["t2Inputs","schedule50",0,"name"] without "(Test)" ("Realco Holdings Ltd.") is refused with the reason (covered 0)
    ✘ W00 round 2: SEC-11 the guard covers every name field SEC-11 C01 onboarding.json ["corporation","legal_name"] without "(Test)" ("Realco Holdings Ltd.") is refused with the reason (covered 0)
    ✘ W00 round 2: SEC-11 the guard covers every name field SEC-11 C01 onboarding.json ["owners",0,"name"] without "(Test)" ("Jordan Realperson") is refused with the reason (covered 0)
    ✘ W00 round 2: SEC-11 the guard covers every name field SEC-11 C05 onboarding.json ["related_entities",0,"entity_name"] without "(Test)" ("Realco Holdings Ltd.") is refused with the reason (covered 0)
    ✘ W00 round 2: SEC-11 the guard covers every name field SEC-11 C09 onboarding.json ["shares","holders",0,"name"] without "(Test)" ("Jordan Realperson") is refused with the reason (covered 0)
    ✘ W00 round 2: SEC-11 the guard covers every name field SEC-11 C09 onboarding.json ["shareholder_loans",0,"lender"] without "(Test)" ("Jordan Realperson") is refused with the reason (covered 0)
    ✘ W00 round 2: SEC-11 the guard covers every name field SEC-11 C10 onboarding.json ["spouse","name"] without "(Test)" ("Jordan Realperson") is refused with the reason (covered 0)
    ✘ W00 round 2: SEC-11 the guard covers every business number and SIN, however it is written SEC-11 fixture: the planted number passes its check digit and every sample number fails it (covered 0)
    ✘ W00 round 2: SEC-11 the guard covers every business number and SIN, however it is written SEC-11 C01 answer-key.json ["t2Inputs","schedule50",0,"sin"] set to "046454286" (passes its check digit) is refused with the reason (covered 0)
    ✘ W00 round 2: SEC-11 the guard covers every business number and SIN, however it is written SEC-11 C01 answer-key.json ["t2Inputs","slips","T5",0,"sin"] set to "046454286" (passes its check digit) is refused with the reason (covered 0)
    ✘ W00 round 2: SEC-11 the guard covers every business number and SIN, however it is written SEC-11 C03 answer-key.json ["t2Inputs","slips","T4",0,"sin"] set to "046454286" (passes its check digit) is refused with the reason (covered 0)
    ✘ W00 round 2: SEC-11 the guard covers every business number and SIN, however it is written SEC-11 C05 answer-key.json ["t2Inputs","schedule9","relatedCorporations",0,"businessNumber"] set to "046454286" (passes its check digit) is refused with the reason (covered 0)
    ✘ W00 round 2: SEC-11 the guard covers every business number and SIN, however it is written SEC-11 C06 answer-key.json ["t2Inputs","schedule50",0,"businessNumber"] set to "046454286" (passes its check digit) is refused with the reason (covered 0)
    ✘ W00 round 2: SEC-11 the guard covers every business number and SIN, however it is written SEC-11 C01 onboarding.json ["owners",0,"sin"] set to "046454286" (passes its check digit) is refused with the reason (covered 0)
    ✘ W00 round 2: SEC-11 the guard covers every business number and SIN, however it is written SEC-11 C01 onboarding.json ["corporation","business_number"] set to "046454286" (passes its check digit) is refused with the reason (covered 0)
    ✘ W00 round 2: SEC-11 the guard covers every business number and SIN, however it is written SEC-11 C01 onboarding.json ["corporation","business_number"] set to "046 454 286" (passes its check digit) is refused with the reason (covered 0)
    ✘ W00 round 2: SEC-11 the guard covers every business number and SIN, however it is written SEC-11 C01 onboarding.json ["corporation","business_number"] set to "046-454-286" (passes its check digit) is refused with the reason (covered 0)
    ✘ W00 round 2: SEC-11 the guard covers every business number and SIN, however it is written SEC-11 C01 onboarding.json ["corporation","business_number"] set to "046454286RT0001" (passes its check digit) is refused with the reason (covered 0)
    ✘ W00 round 2: SEC-11 the guard covers every business number and SIN, however it is written SEC-11 C01 onboarding.json ["cra_program_accounts",1,"account_number"] set to "046454286RT0001" (passes its check digit) is refused with the reason (covered 0)
    ✘ W00 round 2: SEC-11 the guard covers every business number and SIN, however it is written SEC-11 C01 onboarding.json ["cra_program_accounts",0,"account_number"] set to "046 454 286 RC0001" (passes its check digit) is refused with the reason (covered 0)
    ✘ W00 round 2: SEC-11 the guard covers every business number and SIN, however it is written SEC-11 a SIN that passes its check digit in free text (onboarding.json) is refused (covered 0)
    ✘ W00 round 2: SEC-11 the guard covers every business number and SIN, however it is written SEC-11 a SIN that passes its check digit in free text (answer-key.json) is refused (covered 0)
    ✘ W00 round 2: SEC-11 the guard covers every business number and SIN, however it is written SEC-11 a SIN that passes its check digit in free text (profile.md) is refused (covered 0)
    ✘ W00 round 2: SEC-11 the guard covers every business number and SIN, however it is written SEC-11 a SIN that passes its check digit in free text (accounts/lakeview-chequing-4821.csv) is refused (covered 0)
    ✘ W00 round 2: SEC-11 the guard covers every business number and SIN, however it is written SEC-11 a SIN that passes its check digit in free text (qbo/lakeview-chequing-4821.csv) is refused (covered 0)
    ✘ W00 round 2: SEC-11 e-mail and phone numbers are scanned in every file kind SEC-11 an e-mail address outside a reserved test domain in onboarding.json is refused (covered 0)
    ✘ W00 round 2: SEC-11 e-mail and phone numbers are scanned in every file kind SEC-11 an e-mail address outside a reserved test domain in answer-key.json is refused (covered 0)
    ✘ W00 round 2: SEC-11 e-mail and phone numbers are scanned in every file kind SEC-11 an e-mail address outside a reserved test domain in profile.md is refused (covered 0)
    ✘ W00 round 2: SEC-11 e-mail and phone numbers are scanned in every file kind SEC-11 an e-mail address outside a reserved test domain in accounts/lakeview-chequing-4821.csv is refused (covered 0)
    ✘ W00 round 2: SEC-11 e-mail and phone numbers are scanned in every file kind SEC-11 an e-mail address outside a reserved test domain in qbo/lakeview-chequing-4821.csv is refused (covered 0)
    ✘ W00 round 2: SEC-11 e-mail and phone numbers are scanned in every file kind SEC-11 a phone number outside 555-01xx in onboarding.json is refused (covered 0)
    ✘ W00 round 2: SEC-11 e-mail and phone numbers are scanned in every file kind SEC-11 a phone number outside 555-01xx in answer-key.json is refused (covered 0)
    ✘ W00 round 2: SEC-11 e-mail and phone numbers are scanned in every file kind SEC-11 a phone number outside 555-01xx in profile.md is refused (covered 0)
    ✘ W00 round 2: SEC-11 e-mail and phone numbers are scanned in every file kind SEC-11 a phone number outside 555-01xx in accounts/lakeview-chequing-4821.csv is refused (covered 0)
    ✘ W00 round 2: SEC-11 e-mail and phone numbers are scanned in every file kind SEC-11 a phone number outside 555-01xx in qbo/lakeview-chequing-4821.csv is refused (covered 0)
    ✘ W00 round 2: SEC-11 e-mail and phone numbers are scanned in every file kind SEC-11 a phone number written "416-555-2368" is refused (covered 0)
    ✘ W00 round 2: SEC-11 e-mail and phone numbers are scanned in every file kind SEC-11 a phone number written "(416) 555-2368" is refused (covered 0)
    ✘ W00 round 2: SEC-11 e-mail and phone numbers are scanned in every file kind SEC-11 a phone number written "(416)555-2368" is refused (covered 0)
    ✘ W00 round 2: SEC-11 e-mail and phone numbers are scanned in every file kind SEC-11 a phone number written "4165552368" is refused (covered 0)
    ✘ W00 round 2: SEC-11 e-mail and phone numbers are scanned in every file kind SEC-11 a phone number written "416.555.2368" is refused (covered 0)
    ✘ W00 round 2: SEC-11 e-mail and phone numbers are scanned in every file kind SEC-11 a phone number written "+1 416 555 2368" is refused (covered 0)
    ✘ W00 round 2: SEC-11 e-mail and phone numbers are scanned in every file kind SEC-11 a phone number written "867-5309" is refused (covered 0)
    ✘ W00 round 2: SEC-11 e-mail and phone numbers are scanned in every file kind SEC-11 no false alarm: reserved e-mail domains and 555-01xx phones in every file kind are accepted (covered 0)
    ✘ W00 round 2: SEC-11 a person named in a bank description carries TEST SEC-11 "PRIYA NAIR" without TEST in accounts/lakeview-chequing-4821.csv is refused with the reason (covered 0)
    ✘ W00 round 2: SEC-11 a person named in a bank description carries TEST SEC-11 "PRIYA NAIR" without TEST in qbo/lakeview-chequing-4821.csv is refused with the reason (covered 0)
    ✘ W00 round 2: SEC-11 a person named in a bank description carries TEST SEC-11 "PRIYA NAIR" without TEST in answer-key.json is refused with the reason (covered 0)
    ✘ W00 round 2: SEC-11 a person named in a bank description carries TEST SEC-11 C01 passes the widened guard as committed (covered 0)
    ✘ W00 round 2: SEC-11 a person named in a bank description carries TEST SEC-11 C02 passes the widened guard as committed (covered 0)
    ✘ W00 round 2: SEC-11 a person named in a bank description carries TEST SEC-11 C03 passes the widened guard as committed (covered 0)
    ✘ W00 round 2: SEC-11 a person named in a bank description carries TEST SEC-11 C04 passes the widened guard as committed (covered 0)
    ✘ W00 round 2: SEC-11 a person named in a bank description carries TEST SEC-11 C05 passes the widened guard as committed (covered 0)
    ✘ W00 round 2: SEC-11 a person named in a bank description carries TEST SEC-11 C06 passes the widened guard as committed (covered 0)
    ✘ W00 round 2: SEC-11 a person named in a bank description carries TEST SEC-11 C07 passes the widened guard as committed (covered 0)
    ✘ W00 round 2: SEC-11 a person named in a bank description carries TEST SEC-11 C08 passes the widened guard as committed (covered 0)
    ✘ W00 round 2: SEC-11 a person named in a bank description carries TEST SEC-11 C09 passes the widened guard as committed (covered 0)
    ✘ W00 round 2: SEC-11 a person named in a bank description carries TEST SEC-11 C10 passes the widened guard as committed (covered 0)
    ✘ W00 round 2: SEC-11 a person named in a bank description carries TEST SEC-11 C11 passes the widened guard as committed (covered 0)
    ✘ W00 round 2: SEC-11 a person named in a bank description carries TEST SEC-11 C12 passes the widened guard as committed (covered 0)
    ✘ W00 round 2: SEC-11 a person named in a bank description carries TEST SEC-11 C13 passes the widened guard as committed (covered 0)
    ✘ W00 round 2: SEC-11 a person named in a bank description carries TEST SEC-11 C14 passes the widened guard as committed (covered 0)
    ✘ W00 round 2: SEC-11 a person named in a bank description carries TEST SEC-11 C15 passes the widened guard as committed (covered 0)

Ran NaN tests per mutant on average.
----------|------------------|----------|-----------|------------|----------|----------|
          | % Mutation score |          |           |            |          |          |
File      |  total | covered | # killed | # timeout | # survived | # no cov | # errors |
----------|--------|---------|----------|-----------|------------|----------|----------|
All files |    n/a |     n/a |        0 |         0 |          0 |        0 |        0 |
----------|--------|---------|----------|-----------|------------|----------|----------|
[32m03:41:00 (7352) INFO JsonReporter[39m Your report can be found at: file:///home/user/ashbridge-returns/reports/W00c-mutation/n-index-world.json
[32m03:41:00 (7352) INFO MutationTestReportHelper[39m Final mutation score of NaN is greater than or equal to break threshold 70
[32m03:41:00 (7352) INFO MutationTestExecutor[39m Done in 17 seconds.
