[32m03:32:20 (2921) INFO ProjectReader[39m No incremental result file found at reports/W00c-mutation/n-money-incr.json, a full mutation testing run will be performed.
[32m03:32:20 (2921) INFO ProjectReader[39m Found 1 of 1508 file(s) to be mutated.
[32m03:32:21 (2921) INFO Instrumenter[39m Instrumented 1 source file(s) with 116 mutant(s)
[32m03:32:21 (2921) INFO ConcurrencyTokenProvider[39m Creating 4 test runner process(es).
[32m03:32:22 (2921) INFO BroadcastReporter[39m Detected that current console does not support the "progress" reporter, downgrading to "progress-append-only" reporter
[32m03:32:22 (2921) INFO DryRunExecutor[39m Starting initial test run (vitest test runner with "perTest" coverage analysis). This may take a while.
[32m03:32:28 (2921) INFO DryRunExecutor[39m Initial test run succeeded. Ran 124 tests in 5 seconds (net 4143.590667000002 ms, overhead 1345.4093329999978 ms).
Mutation testing 66% (elapsed: <1m, remaining: <1m) 99/112 tested (0 survived, 0 timed out)

All tests
  src
    contracts/checks.acceptance.test.ts
      ✘ CK-1 the check record CK-1 a complete check record passes validation (covered 0)
      ✘ CK-1 the check record CK-1 when it applies is a function of the return (covered 0)
      ✘ CK-1 the check record CK-1 a check record with no source link fails validation (covered 0)
      ✘ CK-1 the check record CK-1 a check record with an empty or blank source link fails validation (covered 0)
      ✘ CK-1 the check record CK-1 a check record with a kind off the list fails validation (covered 0)
      ✘ CK-1 the check record CK-1 a check record whose applies-to is not a function fails validation (covered 0)
      ✘ CK-2 not checked: no evidence CK-2 the result reads "not checked: no evidence" (covered 0)
      ✘ CK-2 not checked: no evidence CK-2 a list of only not-checked results is never all passed and counts no pass (covered 0)
      ✘ CK-2 not checked: no evidence CK-2 one not-checked result among passes stops all passed (covered 0)
      ✘ CK-2 not checked: no evidence CK-2 an empty list is not all passed (covered 0)
      ✓ CK-2 not checked: no evidence CK-2 property: the pass count equals the number of pass results, never more (killed 2)
      ~ CK-3 ties agree to the dollar CK-3 examples: under one dollar apart ties; one dollar or more does not (covered 4)
      ✓ CK-3 ties agree to the dollar CK-3 a failed tie carries both amounts (killed 1)
      ✓ CK-3 ties agree to the dollar CK-3 a tie refuses amounts that are not integer cents (killed 1)
      ~ CK-3 ties agree to the dollar CK-3 ARC-13 property: a tie passes if and only if the absolute difference is under 100 cents (covered 4)
      ✓ CK-3 ties agree to the dollar CK-3 a statement rounded line by line uses the one rounding rule (halves away from zero) (killed 6)
      ~ CK-3 ties agree to the dollar CK-3 a rounded statement that still ties carries no rounding item (covered 15)
      ~ CK-3 ties agree to the dollar CK-3 ARC-13 property: rounded lines compare equal to the rounded total or carry a recorded rounding item (covered 15)
      ~ CK-4 reconciliations CK-4 items that explain the difference exactly raise nothing (covered 4)
      ~ CK-4 reconciliations CK-4 one dollar unexplained raises an exception (covered 4)
      ~ CK-4 reconciliations CK-4 a reconciliation with no items raises its whole difference (covered 4)
      ~ CK-4 reconciliations CK-4 ARC-13 a reconciliation refuses amounts that are not integer cents (covered 5)
      ~ CK-4 reconciliations CK-4 ARC-13 property: difference and unexplained remainder are exact in integer cents (covered 4)
      ~ CK-4 reconciliations CK-4 property: items built to explain the difference exactly never raise (covered 4)
      ✘ CK-4 reconciling items CK-4 the fixed list holds the CK-48 codes R01 to R29 (covered 0)
      ✘ CK-4 reconciling items CK-4 a typed, sourced item passes validation (covered 0)
      ✘ CK-4 reconciling items CK-4 an item whose type is not on the fixed list fails validation (covered 0)
      ✘ CK-4 reconciling items CK-4 an item with no source fails validation (covered 0)
      ✘ CK-4 reconciling items CK-4 ARC-13 an item whose amount is not integer cents fails validation (covered 0)
      ✘ CK-5 flags go to a person CK-5 a flag result is a flag in every summary, never a pass (covered 0)
      ✘ CK-5 flags go to a person CK-5 code cannot turn a flag result into a pass (covered 0)
      ~ CK-5 flags go to a person CK-5 a check of kind flag may not return pass or fail (covered 4)
      ~ CK-5 flags go to a person CK-5 a tie check may return pass or fail (covered 4)
      ~ CK-5 flags go to a person CK-5 every result constructor returns a frozen result (covered 4)
      ✘ CK-6 exceptions CK-6 an exception with its dollar amount and estimated tax effect passes validation (covered 0)
      ✘ CK-6 exceptions CK-6 an exception with no dollar amount fails validation (covered 0)
      ✘ CK-6 exceptions CK-6 an exception with no estimated tax effect fails validation (covered 0)
      ✘ CK-6 exceptions CK-6 ARC-13 an exception whose amounts are not integer cents fails validation (covered 0)
    core/money.acceptance.test.ts
      ✓ F00T money.ts (ARC-13) ARC-13 cents refuses a non-safe integer with its reason (killed 1)
      ✓ F00T money.ts (ARC-13) ARC-13 every entry point refuses a non-safe integer (addCents, roundCentsToDollars, formatCents) (killed 4)
      ✓ F00T money.ts (ARC-13) ARC-13 addCents examples: sums in integer cents, empty is 0 (killed 5)
      ✓ F00T money.ts (ARC-13) ARC-13 addCents refuses a total that is not a safe integer (killed 6)
      ✓ F00T money.ts (ARC-13) ARC-13 addCents is exact when a running total passes the safe range but the sum does not (counterexample) (killed 1)
      ~ F00T money.ts (ARC-13) ARC-13 property (seed 20261002): addCents gives the exact sum, or refuses when the exact sum is not safe (covered 17)
      ~ F00T money.ts (ARC-13) ARC-13 property (seed 20261003): sums of everyday amounts stay exact and order does not matter (covered 15)
      ✓ F00T money.ts (ARC-13) ARC-13 rounding rule examples: halves away from zero, to whole dollars, never -0 (killed 4)
      ~ F00T money.ts (ARC-13) ARC-13 property (seed 20261004): roundCentsToDollars rounds half away from zero, is odd-symmetric and never gives -0 (covered 15)
      ✓ F00T money.ts (ARC-13) ARC-13 formatCents(0) and formatCents(-0) print "0.00" (survivor money.ts:29 c <= 0) (killed 5)
      ✓ F00T money.ts (ARC-13) ARC-13 formatCents examples: a sign only below zero, two decimals (killed 4)
      ~ F00T money.ts (ARC-13) ARC-13 property (seed 20261005): formatCents is the exact decimal of the cents and never prints "-0.00" (covered 15)
      ✘ F00T money.ts (ARC-13) ARC-15 money.ts is a mutation target (// @mutate in its first 5 lines) (covered 0)
  testworld
    clients/load.test.ts
      ✘ ARC-8 clientFolders ARC-8 lists only numbered folders that hold an answer-key.json, as C01 upward in order (covered 0)
      ✘ ARC-8 clientFolders ARC-8 the default root is reference/sample-clients and holds C01 to C15 (covered 0)
      ✘ ARC-8 loadClient: no such client ARC-8 an unknown id names the client and the default folder (covered 0)
      ✘ ARC-8 loadClient: no such client ARC-8 an unknown id names the root it was looked up in (covered 0)
      ✓ ARC-13 money fields read as cents from their text ARC-13 a one-decimal too many amount is refused with the record, the field and the reason (killed 11)
      ~ ARC-13 money fields read as cents from their text ARC-13 a bad amount on a line with no id names the file and the field only (covered 54)
      ✓ ARC-13 money fields read as cents from their text ARC-13 a number that only looks like money (wrong holder, other key) is left alone (killed 7)
      ~ ARC-13 money fields read as cents from their text ARC-13 text in a money field is a schema refusal, not a money issue (covered 17)
      ~ ARC-13 money fields read as cents from their text ARC-13 a bad amount in onboarding.json is named by its own file (covered 42)
      ~ ARC-8 schema refusals ARC-8 a missing answer-key field is named with its path (covered 17)
      ~ ARC-8 schema refusals ARC-8 a missing onboarding field is named with its path (covered 17)
      ~ ARC-8 schema refusals ARC-8 both files failing gives the answer-key issue first, then the onboarding one (covered 17)
      ~ ARC-8 schema refusals ARC-8 the optional onboarding sections are still checked when they are there (covered 17)
      ~ ARC-8 schema refusals ARC-8 the optional Schedule 50 list of the answer key is still checked (covered 17)
      ~ ARC-8 schema refusals ARC-8 the model schema refuses an empty name, naming the dotted path (covered 17)
      ~ ARC-8 the loaded model, field by field ARC-8 each account exportRows is its written rowsInExport, and qboRows is its QBO CSV lines without the header and blank lines (covered 17)
      ~ ARC-8 the loaded model, field by field ARC-8 CRLF line ends and blank or spaces-only lines do not change a row count (covered 17)
      ~ ARC-8 the loaded model, field by field ARC-8 a transaction with no account number has an empty glAccount, and the others keep theirs (covered 17)
      ~ ARC-8 the loaded model, field by field ARC-8 an adjusting entry is typed by where its sources come from, and lists transactions then onboarding sources (covered 17)
      ~ SEC-11 the guard sees every person and every file of the folder SEC-11 a bank line naming an owner, holder, lender, spouse or person party without TEST is refused, naming the line (covered 17)
      ~ SEC-11 the guard sees every person and every file of the folder SEC-11 a client with no spouse and no loans adds nobody to the people list (covered 17)
      ~ SEC-11 the guard sees every person and every file of the folder SEC-11 the same lines naming the people with the word TEST pass (covered 17)
      ~ SEC-11 the guard sees every person and every file of the folder SEC-11 files by kind: json, csv and md are scanned; other files are not; nested paths use slashes (covered 17)
      ~ SEC-11 the guard sees every person and every file of the folder SEC-11 a client folder that loads clean has every file of its folder read (no refusal, sorted walk) (covered 17)
    model
      money-converter.test.ts
        ✓ decimalToCents ARC-13 accepts whole, one-decimal and two-decimal amounts exactly (killed 6)
        ~ decimalToCents ARC-13 zero is positive zero (covered 17)
        ✓ decimalToCents ARC-13 an amount too large for exact cents is refused with its text (killed 4)
        ✓ decimalToCents ARC-13 a blank is refused as blank (killed 5)
        ✓ decimalToCents ARC-13 a thousands separator is refused as such (killed 5)
        ✓ decimalToCents ARC-13 exponent notation is refused as such (killed 4)
        ✓ decimalToCents ARC-13 letters without both an e and a digit are plain non-decimals (killed 6)
        ✓ decimalToCents ARC-13 three or more decimals are refused as such (killed 7)
        ✓ decimalToCents ARC-13 the three-decimal rule is anchored at both ends (killed 2)
        ~ decimalToCents ARC-13 a plus sign, a space or a second minus is not a decimal (covered 29)
        ✓ centsToDecimal ARC-13 writes exactly two decimals and a leading minus (killed 12)
        ✓ centsToDecimal ARC-13 refuses a non-integer or unsafe number with its text (killed 2)
      money.acceptance.test.ts
        ~ W00 money converter ARC-13 property: any canonical two-decimal string converts to cents and back to the same string (covered 30)
        ~ W00 money converter ARC-13 property: strings with no or one decimal convert exactly (up to two decimals are accepted) (covered 17)
        ~ W00 money converter ARC-13 property: any safe integer of cents goes to a string and back unchanged (covered 30)
        ✓ W00 money converter ARC-13 property: a third decimal or a thousands separator is always refused with a reason (killed 1)
        ~ W00 money converter ARC-13 "1,234.56" is refused with a reason (card check 2) (covered 16)
        ~ W00 money converter ARC-13 "1.234" is refused with a reason (card check 2) (covered 29)
        ~ W00 money converter ARC-13 "1e3" is refused with a reason (card check 2) (covered 21)
        ~ W00 money converter ARC-13 "" is not a decimal amount and is refused with a reason (covered 13)
        ~ W00 money converter ARC-13 " " is not a decimal amount and is refused with a reason (covered 13)
        ~ W00 money converter ARC-13 "abc" is not a decimal amount and is refused with a reason (covered 29)
        ~ W00 money converter ARC-13 "12.3.4" is not a decimal amount and is refused with a reason (covered 29)
        ~ W00 money converter ARC-13 "1E3" is not a decimal amount and is refused with a reason (covered 21)
        ~ W00 money converter ARC-13 "NaN" is not a decimal amount and is refused with a reason (covered 29)
        ~ W00 money converter ARC-13 "Infinity" is not a decimal amount and is refused with a reason (covered 29)
        ~ W00 money converter ARC-13 "$12.00" is not a decimal amount and is refused with a reason (covered 29)
        ~ W00 money converter ARC-13 "12.00 " is not a decimal amount and is refused with a reason (covered 29)
        ~ W00 money converter ARC-13 "--1.00" is not a decimal amount and is refused with a reason (covered 29)
        ~ W00 money converter ARC-13 "1 234.56" is not a decimal amount and is refused with a reason (covered 29)
        ~ W00 money converter ARC-13 "0.29" is exactly 29 cents with no floating-point drift (covered 16)
        ~ W00 money converter ARC-13 "4.35" is exactly 435 cents with no floating-point drift (covered 16)
        ~ W00 money converter ARC-13 "1.13" is exactly 113 cents with no floating-point drift (covered 16)
        ~ W00 money converter ARC-13 "-0.05" is exactly -5 cents with no floating-point drift (covered 17)
        ~ W00 money converter ARC-13 "8011.69" is exactly 801169 cents with no floating-point drift (covered 16)
        ~ W00 money converter ARC-13 "131184.97" is exactly 13118497 cents with no floating-point drift (covered 16)
        ~ W00 money converter ARC-13 "12" is exactly 1200 cents with no floating-point drift (covered 16)
        ~ W00 money converter ARC-13 "12.5" is exactly 1250 cents with no floating-point drift (covered 16)
        ~ W00 money converter ARC-13 "0.00" is exactly 0 cents with no floating-point drift (covered 16)
        ~ W00 money converter ARC-13 "9007199254740.99" is exactly 900719925474099 cents with no floating-point drift (covered 16)
        ~ W00 money converter ARC-13 29 cents prints as "0.29" (covered 12)
        ~ W00 money converter ARC-13 -5 cents prints as "-0.05" (covered 13)
        ~ W00 money converter ARC-13 0 cents prints as "0.00" (covered 12)
        ~ W00 money converter ARC-13 1200 cents prints as "12.00" (covered 12)
        ~ W00 money converter ARC-13 -13118497 cents prints as "-131184.97" (covered 13)
        ~ W00 money converter ARC-13 centsToDecimal refuses 1.5 (not a safe integer of cents) (covered 5)
        ~ W00 money converter ARC-13 centsToDecimal refuses NaN (not a safe integer of cents) (covered 5)
        ~ W00 money converter ARC-13 centsToDecimal refuses 9007199254740992 (not a safe integer of cents) (covered 5)
        ✘ W00 money converter ARC-13 there is one strict converter: testworld/model re-exports the one in src/core/money.ts or none (covered 0)

Ran 3.38 tests per mutant on average.
----------|------------------|----------|-----------|------------|----------|----------|
          | % Mutation score |          |           |            |          |          |
File      |  total | covered | # killed | # timeout | # survived | # no cov | # errors |
----------|--------|---------|----------|-----------|------------|----------|----------|
All files | 100.00 |  100.00 |      112 |         0 |          0 |        0 |        0 |
 money.ts | 100.00 |  100.00 |      112 |         0 |          0 |        0 |        0 |
----------|--------|---------|----------|-----------|------------|----------|----------|
[32m03:32:39 (2921) INFO MutationTestReportHelper[39m Final mutation score of 100.00 is greater than or equal to break threshold 70
[32m03:32:39 (2921) INFO JsonReporter[39m Your report can be found at: file:///home/user/ashbridge-returns/reports/W00c-mutation/n-money.json
[32m03:32:39 (2921) INFO MutationTestExecutor[39m Done in 19 seconds.
